Component: ARM Compiler 5.06 update 1 (build 61) Tool: armlink [4d35a8]

==============================================================================

Section Cross References

    los_priqueue.o(i.LOS_PriqueueEnqueue) refers to los_priqueue.o(.data) for g_pstLosPriorityQueueList
    los_priqueue.o(i.LOS_PriqueueSize) refers to los_priqueue.o(.data) for g_pstLosPriorityQueueList
    los_priqueue.o(i.LOS_PriqueueTop) refers to los_priqueue.o(.data) for g_pstLosPriorityQueueList
    los_priqueue.o(i.LOS_PriqueueTotalSize) refers to los_priqueue.o(i.LOS_PriqueueSize) for LOS_PriqueueSize
    los_priqueue.o(i.osPriqueueInit) refers to los_memory.o(i.LOS_MemAlloc) for LOS_MemAlloc
    los_priqueue.o(i.osPriqueueInit) refers to los_config.o(.data) for m_aucSysMem0
    los_priqueue.o(i.osPriqueueInit) refers to los_priqueue.o(.data) for g_pstLosPriorityQueueList
    los_swtmr.o(i.LOS_SwtmrCreate) refers to los_dispatch_keil.o(.text) for LOS_IntLock
    los_swtmr.o(i.LOS_SwtmrCreate) refers to los_swtmr.o(.data) for m_pstSwtmrFreeList
    los_swtmr.o(i.LOS_SwtmrDelete) refers to los_dispatch_keil.o(.text) for LOS_IntLock
    los_swtmr.o(i.LOS_SwtmrDelete) refers to los_swtmr.o(i.osSwtmrStop) for osSwtmrStop
    los_swtmr.o(i.LOS_SwtmrDelete) refers to los_swtmr.o(i.osSwtmrDelete) for osSwtmrDelete
    los_swtmr.o(i.LOS_SwtmrDelete) refers to los_swtmr.o(.data) for m_pstSwtmrCBArray
    los_swtmr.o(i.LOS_SwtmrStart) refers to los_dispatch_keil.o(.text) for LOS_IntLock
    los_swtmr.o(i.LOS_SwtmrStart) refers to los_swtmr.o(i.osSwtmrStop) for osSwtmrStop
    los_swtmr.o(i.LOS_SwtmrStart) refers to los_swtmr.o(i.osSwTmrStart) for osSwTmrStart
    los_swtmr.o(i.LOS_SwtmrStart) refers to los_swtmr.o(.data) for m_pstSwtmrCBArray
    los_swtmr.o(i.LOS_SwtmrStop) refers to los_dispatch_keil.o(.text) for LOS_IntLock
    los_swtmr.o(i.LOS_SwtmrStop) refers to los_swtmr.o(i.osSwtmrStop) for osSwtmrStop
    los_swtmr.o(i.LOS_SwtmrStop) refers to los_swtmr.o(.data) for m_pstSwtmrCBArray
    los_swtmr.o(i.osSwTmrAdjust) refers to los_swtmr.o(i.osSwTmrTimeoutHandle) for osSwTmrTimeoutHandle
    los_swtmr.o(i.osSwTmrAdjust) refers to los_swtmr.o(.data) for m_pstSwtmrSortList
    los_swtmr.o(i.osSwTmrGetNextTimeout) refers to los_swtmr.o(.data) for m_pstSwtmrSortList
    los_swtmr.o(i.osSwTmrInit) refers to los_memory.o(i.LOS_MemAlloc) for LOS_MemAlloc
    los_swtmr.o(i.osSwTmrInit) refers to memseta.o(.text) for __aeabi_memclr4
    los_swtmr.o(i.osSwTmrInit) refers to los_membox.o(i.LOS_MemboxInit) for LOS_MemboxInit
    los_swtmr.o(i.osSwTmrInit) refers to los_queue.o(i.LOS_QueueCreate) for LOS_QueueCreate
    los_swtmr.o(i.osSwTmrInit) refers to los_swtmr.o(i.osSwTmrTaskCreate) for osSwTmrTaskCreate
    los_swtmr.o(i.osSwTmrInit) refers to los_swtmr.o(.data) for m_pstSwtmrSortList
    los_swtmr.o(i.osSwTmrInit) refers to los_config.o(.data) for m_aucSysMem0
    los_swtmr.o(i.osSwTmrInit) refers to los_swtmr.o(.bss) for m_aucSwTmrHandlerPool
    los_swtmr.o(i.osSwTmrStart) refers to los_swtmr.o(.data) for m_pstSwtmrSortList
    los_swtmr.o(i.osSwTmrTask) refers to los_queue.o(i.LOS_QueueRead) for LOS_QueueRead
    los_swtmr.o(i.osSwTmrTask) refers to los_membox.o(i.LOS_MemboxFree) for LOS_MemboxFree
    los_swtmr.o(i.osSwTmrTask) refers to los_swtmr.o(.data) for m_uwSwTmrHandlerQueue
    los_swtmr.o(i.osSwTmrTask) refers to los_swtmr.o(.bss) for m_aucSwTmrHandlerPool
    los_swtmr.o(i.osSwTmrTaskCreate) refers to memseta.o(.text) for __aeabi_memclr4
    los_swtmr.o(i.osSwTmrTaskCreate) refers to los_task.o(i.LOS_TaskCreate) for LOS_TaskCreate
    los_swtmr.o(i.osSwTmrTaskCreate) refers to los_swtmr.o(i.osSwTmrTask) for osSwTmrTask
    los_swtmr.o(i.osSwTmrTaskCreate) refers to los_task.o(.data) for g_uwSwtmrTaskID
    los_swtmr.o(i.osSwTmrTimeoutHandle) refers to los_membox.o(i.LOS_MemboxAlloc) for LOS_MemboxAlloc
    los_swtmr.o(i.osSwTmrTimeoutHandle) refers to los_queue.o(i.LOS_QueueWrite) for LOS_QueueWrite
    los_swtmr.o(i.osSwTmrTimeoutHandle) refers to los_membox.o(i.LOS_MemboxFree) for LOS_MemboxFree
    los_swtmr.o(i.osSwTmrTimeoutHandle) refers to los_swtmr.o(i.osSwtmrDelete) for osSwtmrDelete
    los_swtmr.o(i.osSwTmrTimeoutHandle) refers to los_swtmr.o(i.osSwTmrStart) for osSwTmrStart
    los_swtmr.o(i.osSwTmrTimeoutHandle) refers to los_swtmr.o(.data) for m_pstSwtmrSortList
    los_swtmr.o(i.osSwTmrTimeoutHandle) refers to los_swtmr.o(.bss) for m_aucSwTmrHandlerPool
    los_swtmr.o(i.osSwtmrDelete) refers to los_swtmr.o(.data) for m_pstSwtmrFreeList
    los_swtmr.o(i.osSwtmrScan) refers to los_swtmr.o(i.osSwTmrTimeoutHandle) for osSwTmrTimeoutHandle
    los_swtmr.o(i.osSwtmrScan) refers to los_swtmr.o(.data) for m_pstSwtmrSortList
    los_swtmr.o(i.osSwtmrStop) refers to los_swtmr.o(.data) for m_pstSwtmrSortList
    los_sys.o(i.LOS_MS2Tick) refers to uldiv.o(.text) for __aeabi_uldivmod
    los_sys.o(i.LOS_Reboot) refers to los_dispatch_keil.o(.text) for LOS_IntLock
[...]
    HAL_RCC_GetSysClockFreq                  0x080028d9   Thumb Code   252  stm32l4xx_hal_rcc.o(i.HAL_RCC_GetSysClockFreq)
    HAL_RCC_OscConfig                        0x080029e5   Thumb Code  1558  stm32l4xx_hal_rcc.o(i.HAL_RCC_OscConfig)
    HAL_SPI_Init                             0x08003009   Thumb Code   192  stm32l4xx_hal_spi.o(i.HAL_SPI_Init)
    HAL_SPI_MspInit                          0x080030c9   Thumb Code    80  spi.o(i.HAL_SPI_MspInit)
    HAL_SPI_Transmit                         0x08003121   Thumb Code   440  stm32l4xx_hal_spi.o(i.HAL_SPI_Transmit)
    HAL_SYSTICK_Config                       0x080032d9   Thumb Code    52  stm32l4xx_hal_cortex.o(i.HAL_SYSTICK_Config)
    HAL_UARTEx_WakeupCallback                0x0800330d   Thumb Code     2  stm32l4xx_hal_uart_ex.o(i.HAL_UARTEx_WakeupCallback)
    HAL_UART_DeInit                          0x0800330f   Thumb Code    72  stm32l4xx_hal_uart.o(i.HAL_UART_DeInit)
    HAL_UART_ErrorCallback                   0x08003359   Thumb Code    26  usart.o(i.HAL_UART_ErrorCallback)
    HAL_UART_IRQHandler                      0x08003379   Thumb Code   402  stm32l4xx_hal_uart.o(i.HAL_UART_IRQHandler)
    HAL_UART_Init                            0x08003511   Thumb Code   120  stm32l4xx_hal_uart.o(i.HAL_UART_Init)
    HAL_UART_MspDeInit                       0x08003589   Thumb Code    88  usart.o(i.HAL_UART_MspDeInit)
    HAL_UART_MspInit                         0x080035f1   Thumb Code   462  usart.o(i.HAL_UART_MspInit)
    HAL_UART_Receive_DMA                     0x080037f5   Thumb Code   156  stm32l4xx_hal_uart.o(i.HAL_UART_Receive_DMA)
    HAL_UART_Receive_IT                      0x0800389d   Thumb Code   214  stm32l4xx_hal_uart.o(i.HAL_UART_Receive_IT)
    HAL_UART_RxCpltCallback                  0x0800397d   Thumb Code    22  usart.o(i.HAL_UART_RxCpltCallback)
    HAL_UART_RxHalfCpltCallback              0x0800399d   Thumb Code     2  stm32l4xx_hal_uart.o(i.HAL_UART_RxHalfCpltCallback)
    HAL_UART_Transmit                        0x0800399f   Thumb Code   200  stm32l4xx_hal_uart.o(i.HAL_UART_Transmit)
    HAL_UART_Transmit_DMA                    0x08003a69   Thumb Code   142  stm32l4xx_hal_uart.o(i.HAL_UART_Transmit_DMA)
    HAL_UART_Transmit_IT                     0x08003b05   Thumb Code   116  stm32l4xx_hal_uart.o(i.HAL_UART_Transmit_IT)
    HAL_UART_TxCpltCallback                  0x08003b81   Thumb Code    52  usart.o(i.HAL_UART_TxCpltCallback)
    HAL_UART_TxHalfCpltCallback              0x08003bc5   Thumb Code     2  stm32l4xx_hal_uart.o(i.HAL_UART_TxHalfCpltCallback)
    LCDTFT_bufferClear                       0x08003f2d   Thumb Code    56  tft128.o(i.LCDTFT_bufferClear)
    LCDTFT_bufferClearPart                   0x08003f69   Thumb Code   102  tft128.o(i.LCDTFT_bufferClearPart)
    LCDTFT_bufferPrintString                 0x08003fdd   Thumb Code    70  tft128.o(i.LCDTFT_bufferPrintString)
    LCDTFT_bufferStartCover                  0x08004031   Thumb Code   118  tft128.o(i.LCDTFT_bufferStartCover)
    LCDTFT_close                             0x080040b1   Thumb Code    18  tft128.o(i.LCDTFT_close)
    LCDTFT_open                              0x080040c5   Thumb Code   114  tft128.o(i.LCDTFT_open)
    LCD_delayMs                              0x0800422f   Thumb Code    18  tft128.o(i.LCD_delayMs)
    LCD_getStringLength                      0x08004485   Thumb Code    18  lcddogm1286_util.o(i.LCD_getStringLength)
    LOS_Align                                0x08004655   Thumb Code    28  los_misc.o(i.LOS_Align)
    LOS_DLnkInitMultiHead                    0x08004671   Thumb Code    30  los_multipledlinkhead.o(i.LOS_DLnkInitMultiHead)
    LOS_DLnkMultiHead                        0x0800468f   Thumb Code    42  los_multipledlinkhead.o(i.LOS_DLnkMultiHead)
    LOS_EnableTick                           0x080046b9   Thumb Code    12  los_config.o(i.LOS_EnableTick)
    LOS_EvbGetKey                            0x080046c5   Thumb Code    78  los_bsp_key.o(i.LOS_EvbGetKey)
    LOS_EvbKeyInit                           0x0800471d   Thumb Code    14  los_bsp_key.o(i.LOS_EvbKeyInit)
    LOS_EvbLcdInit                           0x08004731   Thumb Code    70  los_bsp_lcd.o(i.LOS_EvbLcdInit)
    LOS_EvbLedControl                        0x08004785   Thumb Code    36  los_bsp_led.o(i.LOS_EvbLedControl)
    LOS_EvbLedInit                           0x080047a9   Thumb Code    10  los_bsp_led.o(i.LOS_EvbLedInit)
    LOS_EvbNBPwrInit                         0x080047b9   Thumb Code    10  los_bsp_nben.o(i.LOS_EvbNBPwrInit)
    LOS_EvbNBPwrOnOff                        0x080047c9   Thumb Code    30  los_bsp_nben.o(i.LOS_EvbNBPwrOnOff)
    LOS_EvbNBUartClose                       0x080047ed   Thumb Code    10  los_bsp_nbuart.o(i.LOS_EvbNBUartClose)
    LOS_EvbNBUartDMAInit                     0x080047fd   Thumb Code    36  los_bsp_nbuart.o(i.LOS_EvbNBUartDMAInit)
    LOS_EvbNBUartInit                        0x08004831   Thumb Code    52  los_bsp_nbuart.o(i.LOS_EvbNBUartInit)
    LOS_EvbNBUartPoll                        0x08004871   Thumb Code    62  los_bsp_nbuart.o(i.LOS_EvbNBUartPoll)
    LOS_EvbNBUartWrite                       0x080048c1   Thumb Code    28  los_bsp_nbuart.o(i.LOS_EvbNBUartWrite)
    LOS_EvbSHT2x_Init                        0x080048e5   Thumb Code    50  los_bsp_sht2x.o(i.LOS_EvbSHT2x_Init)
    LOS_EvbSetup                             0x0800492d   Thumb Code    28  los_bsp_adapter.o(i.LOS_EvbSetup)
    LOS_EvbTimer_Init                        0x08004949   Thumb Code     6  los_bsp_timer.o(i.LOS_EvbTimer_Init)
    LOS_EvbTimer_Start                       0x08004955   Thumb Code    58  los_bsp_timer.o(i.LOS_EvbTimer_Start)
    LOS_EvbTimer_Stop                        0x080049c9   Thumb Code    20  los_bsp_timer.o(i.LOS_EvbTimer_Stop)
    LOS_EvbUartInit                          0x080049e1   Thumb Code    50  los_bsp_uart.o(i.LOS_EvbUartInit)
    LOS_EvbUartWriteStr                      0x08004a21   Thumb Code    30  los_bsp_uart.o(i.LOS_EvbUartWriteStr)
    LOS_EventInit                            0x08004a45   Thumb Code    24  los_event.o(i.LOS_EventInit)
    LOS_EventPoll                            0x08004a61   Thumb Code    80  los_event.o(i.LOS_EventPoll)
    LOS_EventRead                            0x08004ab1   Thumb Code   330  los_event.o(i.LOS_EventRead)
    LOS_EventWrite                           0x08004c15   Thumb Code   244  los_event.o(i.LOS_EventWrite)
    LOS_HwiCreate                            0x08004d0d   Thumb Code   106  los_hwi.o(i.LOS_HwiCreate)
    LOS_HwiDelete                            0x08004d8d   Thumb Code    46  los_hwi.o(i.LOS_HwiDelete)
    LOS_KernelInit                           0x08004dc9   Thumb Code    18  los_config.o(i.LOS_KernelInit)
    LOS_MS2Tick                              0x080050e9   Thumb Code    40  los_sys.o(i.LOS_MS2Tick)
    LOS_MemAlloc                             0x08005111   Thumb Code    58  los_memory.o(i.LOS_MemAlloc)
    LOS_MemAllocAlign                        0x0800514b   Thumb Code   108  los_memory.o(i.LOS_MemAllocAlign)
    LOS_MemFree                              0x080051bd   Thumb Code    84  los_memory.o(i.LOS_MemFree)
    LOS_MemInit                              0x08005211   Thumb Code   166  los_memory.o(i.LOS_MemInit)
    LOS_MemboxAlloc                          0x080052b9   Thumb Code    60  los_membox.o(i.LOS_MemboxAlloc)
    LOS_MemboxFree                           0x080052f9   Thumb Code   158  los_membox.o(i.LOS_MemboxFree)
    LOS_MemboxInit                           0x0800539d   Thumb Code   128  los_membox.o(i.LOS_MemboxInit)
    LOS_MuxCreate                            0x0800541d   Thumb Code    90  los_mux.o(i.LOS_MuxCreate)
    LOS_MuxDelete                            0x08005481   Thumb Code    90  los_mux.o(i.LOS_MuxDelete)
    LOS_MuxPend                              0x080054e9   Thumb Code   308  los_mux.o(i.LOS_MuxPend)
    LOS_MuxPost                              0x08005631   Thumb Code   238  los_mux.o(i.LOS_MuxPost)
    LOS_NBTHREPORT_Entry                     0x08005731   Thumb Code   176  los_nbth_report_entry.o(i.LOS_NBTHREPORT_Entry)
    LOS_PriqueueDequeue                      0x08005c1d   Thumb Code    24  los_priqueue.o(i.LOS_PriqueueDequeue)
    LOS_PriqueueEnqueue                      0x08005c35   Thumb Code    32  los_priqueue.o(i.LOS_PriqueueEnqueue)
    LOS_PriqueueSize                         0x08005c59   Thumb Code    36  los_priqueue.o(i.LOS_PriqueueSize)
    LOS_PriqueueTop                          0x08005c81   Thumb Code    54  los_priqueue.o(i.LOS_PriqueueTop)
    LOS_QueueCreate                          0x08005cbd   Thumb Code   118  los_queue.o(i.LOS_QueueCreate)
    LOS_QueueRead                            0x08005d41   Thumb Code   282  los_queue.o(i.LOS_QueueRead)
    LOS_QueueWrite                           0x08005e79   Thumb Code   296  los_queue.o(i.LOS_QueueWrite)
    LOS_Schedule                             0x08005fbd   Thumb Code    56  los_hw.o(i.LOS_Schedule)
    LOS_SemCreate                            0x08005ffd   Thumb Code    98  los_sem.o(i.LOS_SemCreate)
    LOS_SemPend                              0x08006069   Thumb Code   236  los_sem.o(i.LOS_SemPend)
    LOS_SemPost                              0x08006169   Thumb Code   176  los_sem.o(i.LOS_SemPost)
    LOS_SetTickSycle                         0x08006221   Thumb Code     6  los_hw_tick.o(i.LOS_SetTickSycle)
    LOS_Start                                0x0800622d   Thumb Code    12  los_config.o(i.LOS_Start)
    LOS_SwtmrCreate                          0x08006239   Thumb Code   130  los_swtmr.o(i.LOS_SwtmrCreate)
    LOS_SwtmrDelete                          0x080062c5   Thumb Code   122  los_swtmr.o(i.LOS_SwtmrDelete)
    LOS_SwtmrStart                           0x08006349   Thumb Code   122  los_swtmr.o(i.LOS_SwtmrStart)
    LOS_SwtmrStop                            0x080063cd   Thumb Code   120  los_swtmr.o(i.LOS_SwtmrStop)
    LOS_TaskCreate                           0x08006529   Thumb Code   140  los_task.o(i.LOS_TaskCreate)
    LOS_TaskCreateOnly                       0x080065c5   Thumb Code   368  los_task.o(i.LOS_TaskCreateOnly)
    LOS_TaskDelay                            0x08006751   Thumb Code   106  los_task.o(i.LOS_TaskDelay)
    LOS_TaskLock                             0x080067d1   Thumb Code    26  los_task.o(i.LOS_TaskLock)
    LOS_TaskUnlock                           0x080067f1   Thumb Code    54  los_task.o(i.LOS_TaskUnlock)
    LOS_TaskYield                            0x0800682d   Thumb Code   118  los_task.o(i.LOS_TaskYield)
    LOS_TickCountGet                         0x080068b1   Thumb Code     6  los_sys.o(i.LOS_TickCountGet)
    LOS_TickHandler                          0x080068bd   Thumb Code    52  los_hw_tick.o(i.LOS_TickHandler)
    LPUART1_IRQHandler                       0x080068f5   Thumb Code    10  stm32l4xx_it.o(i.LPUART1_IRQHandler)
    LosAdapIntInit                           0x08006905   Thumb Code    18  los_bsp_adapter.o(i.LosAdapIntInit)
    LosAdapIrqDisable                        0x08006921   Thumb Code    26  los_bsp_adapter.o(i.LosAdapIrqDisable)
    LosAdapIrqEnable                         0x0800693b   Thumb Code    46  los_bsp_adapter.o(i.LosAdapIrqEnable)
    NBModule_CloseUDP                        0x08006969   Thumb Code    32  nb_board.o(i.NBModule_CloseUDP)
    NBModule_CoAPServer                      0x08006989   Thumb Code    40  nb_board.o(i.NBModule_CoAPServer)
    NBModule_CreateUDP                       0x080069b1   Thumb Code    32  nb_board.o(i.NBModule_CreateUDP)
    NBModule_Info                            0x080069d1   Thumb Code    32  nb_board.o(i.NBModule_Info)
    NBModule_Init                            0x080069f1   Thumb Code    32  nb_board.o(i.NBModule_Init)
    NBModule_Main                            0x08006a11   Thumb Code    30  nb_board.o(i.NBModule_Main)
    NBModule_SendData                        0x08006a2f   Thumb Code    40  nb_board.o(i.NBModule_SendData)
    NBModule_Sign                            0x08006a57   Thumb Code    32  nb_board.o(i.NBModule_Sign)
    NBModule_open                            0x08006a79   Thumb Code    26  nb_board.o(i.NBModule_open)
    NB_MsgreportCb                           0x08006b31   Thumb Code   514  los_nbth_report_entry.o(i.NB_MsgreportCb)
    SHT20_Convert                            0x080072dd   Thumb Code   164  los_bsp_sht2x.o(i.SHT20_Convert)
    SHT20_ReadRH                             0x080073b9   Thumb Code    78  los_bsp_sht2x.o(i.SHT20_ReadRH)
    SHT20_ReadTemp                           0x0800740d   Thumb Code    78  los_bsp_sht2x.o(i.SHT20_ReadTemp)
    SysTick_Handler                          0x08007655   Thumb Code    12  los_bsp_adapter.o(i.SysTick_Handler)
    SystemClock_Config                       0x08007661   Thumb Code   178  main.o(i.SystemClock_Config)
    UART_AdvFeatureConfig                    0x08007745   Thumb Code   248  stm32l4xx_hal_uart.o(i.UART_AdvFeatureConfig)
    UART_CheckIdleState                      0x0800783d   Thumb Code   116  stm32l4xx_hal_uart.o(i.UART_CheckIdleState)
    UART_SetConfig                           0x08007ae9   Thumb Code  1158  stm32l4xx_hal_uart.o(i.UART_SetConfig)
    UART_WaitOnFlagUntilTimeout              0x08008001   Thumb Code   108  stm32l4xx_hal_uart.o(i.UART_WaitOnFlagUntilTimeout)
    USART2_IRQHandler                        0x0800806d   Thumb Code    10  stm32l4xx_it.o(i.USART2_IRQHandler)
    UartDma_Avail                            0x0800807d   Thumb Code    50  _dma_cfg.o(i.UartDma_Avail)
    UartDma_Init                             0x080080b5   Thumb Code    82  _dma_cfg.o(i.UartDma_Init)
    UartDma_Poll                             0x08008115   Thumb Code   328  _dma_cfg.o(i.UartDma_Poll)
    UartDma_Read                             0x08008265   Thumb Code   114  _dma_cfg.o(i.UartDma_Read)
    UartDma_TxCpltCB                         0x080082dd   Thumb Code    68  _dma_cfg.o(i.UartDma_TxCpltCB)
    UartDma_Write                            0x0800832d   Thumb Code   186  _dma_cfg.o(i.UartDma_Write)
    UartIsr_RxCplt                           0x080083f5   Thumb Code    18  hal_uart_isr.o(i.UartIsr_RxCplt)
    UartIsr_TxCplt                           0x08008411   Thumb Code    58  hal_uart_isr.o(i.UartIsr_TxCplt)
    _Error_Handler                           0x08008455   Thumb Code     4  main.o(i._Error_Handler)
    __0printf                                0x08008459   Thumb Code    22  printfa.o(i.__0printf)
    __1printf                                0x08008459   Thumb Code     0  printfa.o(i.__0printf)
    __2printf                                0x08008459   Thumb Code     0  printfa.o(i.__0printf)
    __c89printf                              0x08008459   Thumb Code     0  printfa.o(i.__0printf)
    printf                                   0x08008459   Thumb Code     0  printfa.o(i.__0printf)
    __0snprintf                              0x08008479   Thumb Code    36  printfa.o(i.__0snprintf)
    __1snprintf                              0x08008479   Thumb Code     0  printfa.o(i.__0snprintf)
    __2snprintf                              0x08008479   Thumb Code     0  printfa.o(i.__0snprintf)
    __c89snprintf                            0x08008479   Thumb Code     0  printfa.o(i.__0snprintf)
    snprintf                                 0x08008479   Thumb Code     0  printfa.o(i.__0snprintf)
    __0sprintf                               0x080084a1   Thumb Code    34  printfa.o(i.__0sprintf)
    __1sprintf                               0x080084a1   Thumb Code     0  printfa.o(i.__0sprintf)
    __2sprintf                               0x080084a1   Thumb Code     0  printfa.o(i.__0sprintf)
    __c89sprintf                             0x080084a1   Thumb Code     0  printfa.o(i.__0sprintf)
    sprintf                                  0x080084a1   Thumb Code     0  printfa.o(i.__0sprintf)
    __0vsnprintf                             0x080084c9   Thumb Code    32  printfa.o(i.__0vsnprintf)
    __1vsnprintf                             0x080084c9   Thumb Code     0  printfa.o(i.__0vsnprintf)
    __2vsnprintf                             0x080084c9   Thumb Code     0  printfa.o(i.__0vsnprintf)
    __c89vsnprintf                           0x080084c9   Thumb Code     0  printfa.o(i.__0vsnprintf)
    vsnprintf                                0x080084c9   Thumb Code     0  printfa.o(i.__0vsnprintf)
    __aeabi_errno_addr                       0x080084ed   Thumb Code     4  errno.o(i.__aeabi_errno_addr)
    __rt_errno_addr                          0x080084ed   Thumb Code     0  errno.o(i.__aeabi_errno_addr)
    __scatterload_copy                       0x080084f5   Thumb Code    14  handlers.o(i.__scatterload_copy)
    __scatterload_null                       0x08008503   Thumb Code     2  handlers.o(i.__scatterload_null)
    __scatterload_zeroinit                   0x08008505   Thumb Code    14  handlers.o(i.__scatterload_zeroinit)
    addr_adjust                              0x08008dd5   Thumb Code   116  nb_bc95.o(i.addr_adjust)
    bc95_AsyncNotification                   0x08008e4d   Thumb Code   240  nb_bc95.o(i.bc95_AsyncNotification)
    bc95_closeUDP                            0x08008f61   Thumb Code    78  nb_bc95.o(i.bc95_closeUDP)
    bc95_coapReadMsg                         0x08008fc1   Thumb Code    52  nb_bc95.o(i.bc95_coapReadMsg)
    bc95_coapReceIndication                  0x08009001   Thumb Code     6  nb_bc95.o(i.bc95_coapReceIndication)
    bc95_coapSendMsg                         0x08009009   Thumb Code   144  nb_bc95.o(i.bc95_coapSendMsg)
    bc95_coapSentIndication                  0x080090b7   Thumb Code     6  nb_bc95.o(i.bc95_coapSentIndication)
    bc95_coapServer                          0x080090bd   Thumb Code    92  nb_bc95.o(i.bc95_coapServer)
    bc95_createUDP                           0x08009141   Thumb Code    62  nb_bc95.o(i.bc95_createUDP)
    bc95_getIMSI                             0x080091a1   Thumb Code     6  nb_bc95.o(i.bc95_getIMSI)
    bc95_getSignal                           0x080091ad   Thumb Code    58  nb_bc95.o(i.bc95_getSignal)
    bc95_init                                0x080091f5   Thumb Code    56  nb_bc95.o(i.bc95_init)
    bc95_main                                0x08009239   Thumb Code   340  nb_bc95.o(i.bc95_main)
    bc95_moduleInfo                          0x080093a1   Thumb Code    58  nb_bc95.o(i.bc95_moduleInfo)
    bc95_open                                0x080093e9   Thumb Code    42  nb_bc95.o(i.bc95_open)
    bc95_receUDP                             0x08009485   Thumb Code   100  nb_bc95.o(i.bc95_receUDP)
    bc95_register                            0x08009501   Thumb Code     8  nb_bc95.o(i.bc95_register)
    bc95_result_handle                       0x0800950d   Thumb Code   116  nb_bc95.o(i.bc95_result_handle)
    bc95_sendUDP                             0x08009589   Thumb Code   180  nb_bc95.o(i.bc95_sendUDP)
    fputc                                    0x08009ad5   Thumb Code    22  los_bsp_uart.o(i.fputc)
    getCpuEndian                             0x08009af1   Thumb Code    22  los_nbreport.o(i.getCpuEndian)
    main                                     0x08009b07   Thumb Code    50  main.o(i.main)
    osGetVectorAddr                          0x08009f41   Thumb Code     4  los_hwi.o(i.osGetVectorAddr)
    osHwiDefaultHandler                      0x08009f49   Thumb Code     8  los_hwi.o(i.osHwiDefaultHandler)
    osHwiInit                                0x08009f51   Thumb Code    26  los_hwi.o(i.osHwiInit)
    osIdleTask                               0x08009f75   Thumb Code     4  los_task.o(i.osIdleTask)
    osIdleTaskCreate                         0x08009f79   Thumb Code    54  los_task.o(i.osIdleTaskCreate)
    osIntNumGet                              0x08009fc5   Thumb Code    12  los_hwi.o(i.osIntNumGet)
    osInterrupt                              0x08009fd1   Thumb Code    70  los_hwi.o(i.osInterrupt)
    osMain                                   0x0800a021   Thumb Code   108  los_config.o(i.osMain)
    osMemSystemInit                          0x0800a36d   Thumb Code    26  los_memory.o(i.osMemSystemInit)
    osMuxInit                                0x0800a391   Thumb Code    74  los_mux.o(i.osMuxInit)
    osPriqueueInit                           0x0800a3ed   Thumb Code    64  los_priqueue.o(i.osPriqueueInit)
    osQueueCreate                            0x0800a435   Thumb Code   100  los_queue.o(i.osQueueCreate)
    osQueueInit                              0x0800a4a5   Thumb Code    44  los_queue.o(i.osQueueInit)
    osRegister                               0x0800a5bd   Thumb Code    14  los_config.o(i.osRegister)
    osSchedule                               0x0800a5d9   Thumb Code     8  los_hw.o(i.osSchedule)
    osSemInit                                0x0800a5e1   Thumb Code    70  los_sem.o(i.osSemInit)
    osSwTmrInit                              0x0800a639   Thumb Code   142  los_swtmr.o(i.osSwTmrInit)
    osSwTmrStart                             0x0800a6e5   Thumb Code    92  los_swtmr.o(i.osSwTmrStart)
    osSwTmrTask                              0x0800a745   Thumb Code    70  los_swtmr.o(i.osSwTmrTask)
    osSwTmrTaskCreate                        0x0800a795   Thumb Code    52  los_swtmr.o(i.osSwTmrTaskCreate)
    osSwtmrScan                              0x0800a87d   Thumb Code    32  los_swtmr.o(i.osSwtmrScan)
    osSwtmrStop                              0x0800a8a1   Thumb Code    66  los_swtmr.o(i.osSwtmrStop)
    osTaskAdd2TimerList                      0x0800a8e9   Thumb Code   188  los_task.o(i.osTaskAdd2TimerList)
    osTaskEntry                              0x0800a9a9   Thumb Code   154  los_task.o(i.osTaskEntry)
    osTaskExit                               0x0800aa4d   Thumb Code     8  los_hw.o(i.osTaskExit)
    osTaskInit                               0x0800aa55   Thumb Code   258  los_task.o(i.osTaskInit)
    osTaskMemUsedDec                         0x0800ab7d   Thumb Code    40  los_memstat.o(i.osTaskMemUsedDec)
    osTaskMemUsedInc                         0x0800abb1   Thumb Code    48  los_memstat.o(i.osTaskMemUsedInc)
    osTaskPriModify                          0x0800abed   Thumb Code    56  los_task.o(i.osTaskPriModify)
    osTaskScan                               0x0800ac25   Thumb Code   214  los_task.o(i.osTaskScan)
    osTaskSelfDelete                         0x0800ad01   Thumb Code   236  los_task.o(i.osTaskSelfDelete)
    osTickHandler                            0x0800adfd   Thumb Code    34  los_tick.o(i.osTickHandler)
    osTickStart                              0x0800ae25   Thumb Code    92  los_bsp_adapter.o(i.osTickStart)
    osTimerListDelete                        0x0800ae91   Thumb Code    66  los_task.o(i.osTimerListDelete)
    osTimesliceCheck                         0x0800aed9   Thumb Code    64  los_timeslice.o(i.osTimesliceCheck)
    osTimesliceInit                          0x0800af25   Thumb Code    12  los_timeslice.o(i.osTimesliceInit)
    osTskStackInit                           0x0800af35   Thumb Code   306  los_hw.o(i.osTskStackInit)
    sys_clk_freq                             0x0800b0b0   Data           4  los_bsp_adapter.o(.constdata)
    tick_per_second                          0x0800b0b4   Data           4  los_bsp_adapter.o(.constdata)
    g_use_ram_vect                           0x0800b0b8   Data           1  los_bsp_adapter.o(.constdata)
    KEY_HWAtrrs                              0x0800b0bc   Data         128  los_bsp_key.o(.constdata)
    keyCfg                                   0x0800b13c   Data           8  los_bsp_key.o(.constdata)
    LED_HWAtrrs                              0x0800b144   Data          32  los_bsp_led.o(.constdata)
    ledCfg                                   0x0800b164   Data           8  los_bsp_led.o(.constdata)
    logTxPin                                 0x0800b16c   Data          32  los_bsp_uart.o(.constdata)
    logRxPin                                 0x0800b18c   Data          32  los_bsp_uart.o(.constdata)
    uartLogHWAttrs                           0x0800b1ac   Data           8  los_bsp_uart.o(.constdata)
    logUartCfg                               0x0800b1b4   Data          16  los_bsp_uart.o(.constdata)
    lcdSpiSck                                0x0800b380   Data          32  los_bsp_lcd.o(.constdata)
    lcdSpiMiso                               0x0800b3a0   Data          32  los_bsp_lcd.o(.constdata)
    lcdSpiHWAttrs                            0x0800b3c0   Data          16  los_bsp_lcd.o(.constdata)
    lcdSpiCfg                                0x0800b3d0   Data           8  los_bsp_lcd.o(.constdata)
    lcdHWAttrs                               0x0800b3d8   Data          72  los_bsp_lcd.o(.constdata)
    LCD_config                               0x0800b420   Data           8  los_bsp_lcd.o(.constdata)
    uartNbHWAttrs                            0x0800b428   Data           8  los_bsp_nbuart.o(.constdata)
    nbUartCfg                                0x0800b430   Data          16  los_bsp_nbuart.o(.constdata)
    NBEN_HWAtrrs                             0x0800b440   Data          32  los_bsp_nben.o(.constdata)
    SHT2xHWAttrs                             0x0800b460   Data          64  los_bsp_sht2x.o(.constdata)
    SHT2xCfg                                 0x0800b4a0   Data           8  los_bsp_sht2x.o(.constdata)
    gpsPwrPin                                0x0800b4a8   Data          32  los_bsp_gps.o(.constdata)
    gpsTxPin                                 0x0800b4c8   Data          32  los_bsp_gps.o(.constdata)
    gpsRxPin                                 0x0800b4e8   Data          32  los_bsp_gps.o(.constdata)
    uartGpsHWAttrs                           0x0800b508   Data           8  los_bsp_gps.o(.constdata)
    gpsUartCfg                               0x0800b510   Data          16  los_bsp_gps.o(.constdata)
    Display_defaultParams                    0x0800b520   Data           1  display.o(.constdata)
    displayTft128HWattrs                     0x0800b524   Data          36  display_cfg.o(.constdata)
    Display_config                           0x0800b548   Data          24  display_cfg.o(.constdata)
    DisplayTFT128_fxnTable                   0x0800b560   Data          28  displaytft128.o(.constdata)
    gImage_start_logo                        0x0800b57c   Data       32768  tft128.o(.constdata)
    LCD_alphabet                             0x0801357c   Data        1520  tft128.o(.constdata)
    BC95_FxnTable                            0x08013b6c   Data          56  nb_bc95.o(.constdata)
    nb95_init_process                        0x08013ba4   Data          13  nb_bc95.o(.constdata)
    nb95_info_process                        0x08013bb1   Data           6  nb_bc95.o(.constdata)
    nb95_udpcr_process                       0x08013bb7   Data           5  nb_bc95.o(.constdata)
    nb95_udpcl_process                       0x08013bbc   Data           3  nb_bc95.o(.constdata)
    nb95_udpst_process                       0x08013bbf   Data           3  nb_bc95.o(.constdata)
    nbPwr_fxn                                0x08013bc4   Data           8  nb_board_cfg.o(.constdata)
    com_fxn                                  0x08013bcc   Data          12  nb_board_cfg.o(.constdata)
    time_fxn                                 0x08013bd8   Data          12  nb_board_cfg.o(.constdata)
    HWAtrrs_object                           0x08013be4   Data          12  nb_board_cfg.o(.constdata)
    AHBPrescTable                            0x08013bf8   Data          16  system_stm32l4xx.o(.constdata)
    APBPrescTable                            0x08013c08   Data           8  system_stm32l4xx.o(.constdata)
    MSIRangeTable                            0x08013c10   Data          48  system_stm32l4xx.o(.constdata)
    __ctype_table                            0x08013c40   Data         129  ctype_o.o(.constdata)
    Region$$Table$$Base                      0x08013ec8   Number         0  anon$$obj.o(Region$$Table)
    Region$$Table$$Limit                     0x08013ef8   Number         0  anon$$obj.o(Region$$Table)
    m_pstHwiForm                             0x20000000   Data        1024  los_hwi.o(.vector.bss)
    g_pstLosPriorityQueueList                0x20000400   Data           4  los_priqueue.o(.data)
    m_pstSwtmrCBArray                        0x20000408   Data           4  los_swtmr.o(.data)
    m_pstSwtmrFreeList                       0x2000040c   Data           4  los_swtmr.o(.data)
    m_pstSwtmrSortList                       0x20000410   Data           4  los_swtmr.o(.data)
    g_pstTaskCBArray                         0x20000414   Data           4  los_task.o(.data)
    g_stLosTask                              0x20000418   Data           8  los_task.o(.data)
    g_usLosTaskLock                          0x20000420   Data           2  los_task.o(.data)
    g_uwTskMaxNum                            0x20000424   Data           4  los_task.o(.data)
    g_uwIdleTaskID                           0x20000428   Data           4  los_task.o(.data)
    g_uwSwtmrTaskID                          0x2000042c   Data           4  los_task.o(.data)
    g_stTaskTimerList                        0x20000430   Data           8  los_task.o(.data)
    g_stLosFreeTask                          0x20000438   Data           8  los_task.o(.data)
    g_stTskRecyleList                        0x20000440   Data           8  los_task.o(.data)
    g_stTskSortLink                          0x20000448   Data           8  los_task.o(.data)
    g_bTaskScheduled                         0x20000450   Data           4  los_task.o(.data)
    g_pfnTskSwitchHook                       0x20000454   Data           4  los_task.o(.data)
    g_ullTickCount                           0x20000458   Data           8  los_tick.o(.data)
    g_uwTicksPerSec                          0x20000460   Data           4  los_tick.o(.data)
    g_uwCyclePerSec                          0x20000464   Data           4  los_tick.o(.data)
    g_stTaskTimeSlice                        0x20000468   Data           8  los_timeslice.o(.data)
    g_pstAllMux                              0x20000470   Data           4  los_mux.o(.data)
    g_stUnusedMuxList                        0x20000474   Data           8  los_mux.o(.data)
    g_pstAllQueue                            0x2000047c   Data           4  los_queue.o(.data)
    g_stUnusedSemList                        0x20000480   Data           8  los_sem.o(.data)
    g_pstAllSem                              0x20000488   Data           4  los_sem.o(.data)
    g_uwCyclesPerTick                        0x2000048c   Data           4  los_hw_tick.o(.data)
    g_vuwIntCount                            0x20000490   Data           4  los_hwi.o(.data)
    m_aucSysMem0                             0x20000494   Data           4  los_config.o(.data)
    g_sys_mem_addr_end                       0x20000498   Data           4  los_config.o(.data)
    nbTxPin                                  0x200004a8   Data          32  los_bsp_nbuart.o(.data)
    nbRxPin                                  0x200004c8   Data          32  los_bsp_nbuart.o(.data)
    nb_timeoutCb                             0x200004ec   Data           4  los_bsp_timer.o(.data)
    nb_TimeId                                0x200004f0   Data           2  los_bsp_timer.o(.data)
    sht2Handle                               0x200004f4   Data           8  los_bsp_sht2x.o(.data)
    lpuartRxDmaCfg                           0x200004fc   Data          16  dma.o(.data)
    lpuartTxDmaCfg                           0x2000050c   Data          16  dma.o(.data)
    dispHandle                               0x2000051c   Data           4  display_cfg.o(.data)
    AT_SYNC                                  0x20000520   Data           4  nb_bc95.o(.data)
    AT_CGMI                                  0x20000524   Data           4  nb_bc95.o(.data)
    AT_CGMM                                  0x20000528   Data           4  nb_bc95.o(.data)
    AT_CGMR                                  0x2000052c   Data           4  nb_bc95.o(.data)
    AT_CGSN                                  0x20000530   Data           4  nb_bc95.o(.data)
    AT_CEREG                                 0x20000534   Data           4  nb_bc95.o(.data)
    AT_CSCON                                 0x20000538   Data           4  nb_bc95.o(.data)
    AT_CLAC                                  0x2000053c   Data           4  nb_bc95.o(.data)
    AT_CSQ                                   0x20000540   Data           4  nb_bc95.o(.data)
    AT_CGPADDR                               0x20000544   Data           4  nb_bc95.o(.data)
    AT_COPS                                  0x20000548   Data           4  nb_bc95.o(.data)
    AT_CGATT                                 0x2000054c   Data           4  nb_bc95.o(.data)
    AT_CGACT                                 0x20000550   Data           4  nb_bc95.o(.data)
    AT_CIMI                                  0x20000554   Data           4  nb_bc95.o(.data)
    AT_CGDCONT                               0x20000558   Data           4  nb_bc95.o(.data)
    AT_CFUN                                  0x2000055c   Data           4  nb_bc95.o(.data)
    AT_CMEE                                  0x20000560   Data           4  nb_bc95.o(.data)
    AT_CCLK                                  0x20000564   Data           4  nb_bc95.o(.data)
    AT_CPSMS                                 0x20000568   Data           4  nb_bc95.o(.data)
    AT_CEDRXS                                0x2000056c   Data           4  nb_bc95.o(.data)
    AT_CEER                                  0x20000570   Data           4  nb_bc95.o(.data)
    AT_CEDRXRDP                              0x20000574   Data           4  nb_bc95.o(.data)
    AT_CTZR                                  0x20000578   Data           4  nb_bc95.o(.data)
    AT_NMGS                                  0x2000057c   Data           4  nb_bc95.o(.data)
    AT_NMGR                                  0x20000580   Data           4  nb_bc95.o(.data)
    AT_NNMI                                  0x20000584   Data           4  nb_bc95.o(.data)
    AT_NSMI                                  0x20000588   Data           4  nb_bc95.o(.data)
    AT_NQMGR                                 0x2000058c   Data           4  nb_bc95.o(.data)
    AT_NQMGS                                 0x20000590   Data           4  nb_bc95.o(.data)
    AT_NMSTATUS                              0x20000594   Data           4  nb_bc95.o(.data)
    AT_NRB                                   0x20000598   Data           4  nb_bc95.o(.data)
    AT_NCDP                                  0x2000059c   Data           4  nb_bc95.o(.data)
    AT_NUESTATS                              0x200005a0   Data           4  nb_bc95.o(.data)
    AT_NEARFCN                               0x200005a4   Data           4  nb_bc95.o(.data)
    AT_NSOCR                                 0x200005a8   Data           4  nb_bc95.o(.data)
    AT_NSOST                                 0x200005ac   Data           4  nb_bc95.o(.data)
    AT_NSOSTF                                0x200005b0   Data           4  nb_bc95.o(.data)
    AT_NSORF                                 0x200005b4   Data           4  nb_bc95.o(.data)
    AT_NSOCL                                 0x200005b8   Data           4  nb_bc95.o(.data)
    AT_NPING                                 0x200005bc   Data           4  nb_bc95.o(.data)
    AT_NBAND                                 0x200005c0   Data           4  nb_bc95.o(.data)
    AT_NLOGLEVEL                             0x200005c4   Data           4  nb_bc95.o(.data)
    AT_NCONFIG                               0x200005c8   Data           4  nb_bc95.o(.data)
    AT_NATSPEED                              0x200005cc   Data           4  nb_bc95.o(.data)
    AT_NCCID                                 0x200005d0   Data           4  nb_bc95.o(.data)
    AT_NFWUPD                                0x200005d4   Data           4  nb_bc95.o(.data)
    AT_NRDCTRL                               0x200005d8   Data           4  nb_bc95.o(.data)
    AT_NCHIPINFO                             0x200005dc   Data           4  nb_bc95.o(.data)
    AT_NTSETID                               0x200005e0   Data           4  nb_bc95.o(.data)
    nb_config                                0x200005f0   Data          20  nb_board_cfg.o(.data)
    th_info                                  0x20000624   Data           6  los_nbreport.o(.data)
    cpu_info                                 0x2000062a   Data           1  los_nbreport.o(.data)
    send_cfg                                 0x2000062c   Data           8  los_nbreport.o(.data)
    SystemCoreClock                          0x20000634   Data           4  system_stm32l4xx.o(.data)
    uwTick                                   0x20000638   Data           4  stm32l4xx_hal.o(.data)
    __stdout                                 0x20000640   Data           4  stdout.o(.data)
    m_aucSwTmrHandlerPool                    0x20000648   Data         208  los_swtmr.o(.bss)
    g_ucMemStart                             0x20000718   Data       32768  los_memory.o(.bss)
    g_TskMemUsedInfo                         0x20008718   Data          64  los_memstat.o(.bss)
    m_pstHwiSlaveForm                        0x20008758   Data        1024  los_hwi.o(.bss)
    lcdSpiObj                                0x20008c5c   Data         100  los_bsp_lcd.o(.bss)
    lcdObject                                0x20008cc0   Data          28  los_bsp_lcd.o(.bss)
    NbUartHandle                             0x20008cdc   Data         120  los_bsp_nbuart.o(.bss)
    hSht2xI2c                                0x20008e54   Data          76  los_bsp_sht2x.o(.bss)
    GPSUartHandle                            0x20008ea0   Data         120  los_bsp_gps.o(.bss)
    hdma_lpuart_rx                           0x20009118   Data          72  dma.o(.bss)
    hdma_lpuart_tx                           0x20009160   Data          72  dma.o(.bss)
    displayTft128Object                      0x200091a8   Data        1052  display_cfg.o(.bss)
    gNBReceBuf                               0x200095c4   Data         514  nb_bc95.o(.bss)
    gNBSendBuf                               0x200097c6   Data         514  nb_bc95.o(.bss)
    __initial_sp                             0x2000a448   Data           0  los_startup_keil.o(STACK)



==============================================================================

Memory Map of the image

  Image Entry point : 0x0800005d

  Load Region LR_IROM1 (Base: 0x08000000, Size: 0x00014540, Max: 0x00100000, ABSOLUTE, COMPRESSED[0x00013ff0])

    Execution Region ER_IROM1 (Base: 0x08000000, Size: 0x00013ef8, Max: 0x00100000, ABSOLUTE)

    Base Addr    Size         Type   Attr      Idx    E Section Name        Object

    0x08000000   0x0000005c   Code   RO         4838    RESET               los_startup_keil.o
    0x0800005c   0x00000000   Code   RO         8625  * .ARM.Collect$$$$00000000  mc_w.l(entry.o)
    0x0800005c   0x00000004   Code   RO         8959    .ARM.Collect$$$$00000001  mc_w.l(entry2.o)
    0x08000060   0x00000004   Code   RO         8962    .ARM.Collect$$$$00000004  mc_w.l(entry5.o)
    0x08000064   0x00000000   Code   RO         8964    .ARM.Collect$$$$00000008  mc_w.l(entry7b.o)
    0x08000064   0x00000000   Code   RO         8966    .ARM.Collect$$$$0000000A  mc_w.l(entry8b.o)
    0x08000064   0x00000008   Code   RO         8967    .ARM.Collect$$$$0000000B  mc_w.l(entry9a.o)
    0x0800006c   0x00000000   Code   RO         8969    .ARM.Collect$$$$0000000D  mc_w.l(entry10a.o)
    0x0800006c   0x00000000   Code   RO         8971    .ARM.Collect$$$$0000000F  mc_w.l(entry11a.o)
    0x0800006c   0x00000004   Code   RO         8960    .ARM.Collect$$$$00002712  mc_w.l(entry2.o)
    0x08000070   0x00000102   Code   RO         1220    .text               los_dispatch_keil.o
    0x08000172   0x00000068   Code   RO         8628    .text               mc_w.l(uldiv.o)
    0x080001da   0x00000024   Code   RO         8630    .text               mc_w.l(memcpya.o)
    0x080001fe   0x00000024   Code   RO         8632    .text               mc_w.l(memseta.o)
    0x08000222   0x00000024   Code   RO         8634    .text               mc_w.l(strstr.o)
    0x08000246   0x00000014   Code   RO         8636    .text               mc_w.l(strchr.o)
    0x0800025a   0x0000000e   Code   RO         8638    .text               mc_w.l(strlen.o)
    0x08000268   0x00000044   Code   RO         8642    .text               mc_w.l(strtok.o)
    0x080002ac   0x00000078   Code   RO         8939    .text               mc_w.l(strtoul.o)
    0x08000324   0x0000015e   Code   RO         8941    .text               mf_w.l(dadd.o)
    0x08000482   0x000000ea   Code   RO         8943    .text               mf_w.l(dmul.o)
    0x0800056c   0x000000de   Code   RO         8945    .text               mf_w.l(ddiv.o)
    0x0800064a   0x0000001a   Code   RO         8947    .text               mf_w.l(dfltui.o)
    0x08000664   0x00000032   Code   RO         8951    .text               mf_w.l(dfixui.o)
    0x08000696   0x00000030   Code   RO         8953    .text               mf_w.l(dfixul.o)
    0x080006c6   0x00000026   Code   RO         8955    .text               mf_w.l(f2d.o)
    0x080006ec   0x00000038   Code   RO         8957    .text               mf_w.l(d2f.o)
    0x08000724   0x0000002c   Code   RO         8974    .text               mc_w.l(uidiv.o)
    0x08000750   0x0000001e   Code   RO         8976    .text               mc_w.l(llshl.o)
    0x0800076e   0x00000020   Code   RO         8978    .text               mc_w.l(llushr.o)
    0x0800078e   0x00000024   Code   RO         8980    .text               mc_w.l(llsshr.o)
    0x080007b2   0x00000002   PAD
    0x080007b4   0x00000008   Code   RO         8982    .text               mc_w.l(ctype_o.o)
    0x080007bc   0x000000a4   Code   RO         9019    .text               mc_w.l(_strtoul.o)
    0x08000860   0x00000000   Code   RO         9023    .text               mc_w.l(iusefp.o)
    0x08000860   0x0000006e   Code   RO         9024    .text               mf_w.l(fepilogue.o)
    0x080008ce   0x000000ba   Code   RO         9026    .text               mf_w.l(depilogue.o)
    0x08000988   0x00000030   Code   RO         9028    .text               mf_w.l(cdrcmple.o)
    0x080009b8   0x00000024   Code   RO         9030    .text               mc_w.l(init.o)
    0x080009dc   0x0000001c   Code   RO         9034    .text               mc_w.l(_chval.o)
    0x080009f8   0x00000056   Code   RO         9053    .text               mc_w.l(__dczerorl2.o)
    0x08000a4e   0x00000002   PAD
    0x08000a50   0x00000130   Code   RO         4749    i.APP_KeyHandle     los_nbth_report_entry.o
    0x08000b80   0x00000024   Code   RO         1983    i.BSP_LED_Off       los_bsp_led.o
    0x08000ba4   0x00000024   Code   RO         1984    i.BSP_LED_On        los_bsp_led.o
    0x08000bc8   0x0000001c   Code   RO         1918    i.BSP_PB_GetState   los_bsp_key.o
    0x08000be4   0x00000034   Code   RO         2847    i.Board_DMA_Init    dma.o
    0x08000c18   0x00000034   Code   RO         2655    i.Board_GPIO_Init   gpio.o
    0x08000c4c   0x00000070   Code   RO         2656    i.Board_GPIO_OneInit  gpio.o
    0x08000cbc   0x00000010   Code   RO         2657    i.Board_GPIO_ReadPin  gpio.o
    0x08000ccc   0x00000070   Code   RO         2888    i.Board_I2C_Init    i2c.o
    0x08000d3c   0x00000024   Code   RO         2889    i.Board_I2C_Rece    i2c.o
    0x08000d60   0x00000030   Code   RO         2890    i.Board_I2C_Send    i2c.o
    0x08000d90   0x0000004c   Code   RO         2796    i.Board_SPI_Init    spi.o
    0x08000ddc   0x00000044   Code   RO         2710    i.Board_UART_DeInit  usart.o
    0x08000e20   0x00000044   Code   RO         2711    i.Board_UART_Init   usart.o
    0x08000e64   0x00000074   Code   RO         2712    i.Board_UART_Rece   usart.o
    0x08000ed8   0x00000074   Code   RO         2713    i.Board_UART_Send   usart.o
    0x08000f4c   0x0000004c   Code   RO         4812    i.ConvertNetData    los_nbreport.o
    0x08000f98   0x00000010   Code   RO         2091    i.DMA2_Channel6_IRQHandler  stm32l4xx_it.o
    0x08000fa8   0x00000010   Code   RO         2092    i.DMA2_Channel7_IRQHandler  stm32l4xx_it.o
    0x08000fb8   0x00000070   Code   RO         2848    i.DMA_Clk_OnOff     dma.o
    0x08001028   0x0000002c   Code   RO         5862    i.DMA_SetConfig     stm32l4xx_hal_dma.o
    0x08001054   0x00000012   Code   RO         3135    i.DisplayTFT128_clear  displaytft128.o
    0x08001066   0x00000032   Code   RO         3136    i.DisplayTFT128_clearLines  displaytft128.o
    0x08001098   0x0000001e   Code   RO         3137    i.DisplayTFT128_close  displaytft128.o
    0x080010b6   0x0000001c   Code   RO         3138    i.DisplayTFT128_control  displaytft128.o
    0x080010d2   0x00000006   Code   RO         3139    i.DisplayTFT128_getType  displaytft128.o
    0x080010d8   0x00000090   Code   RO         3140    i.DisplayTFT128_open  displaytft128.o
    0x08001168   0x00000060   Code   RO         3141    i.DisplayTFT128_put5  displaytft128.o
    0x080011c8   0x0000001c   Code   RO         3047    i.Display_doClearLines  display.o
    0x080011e4   0x0000001c   Code   RO         3049    i.Display_doControl  display.o
    0x08001200   0x0000005c   Code   RO         3050    i.Display_doOpen    display.o
    0x0800125c   0x00000032   Code   RO         3052    i.Display_doPut5    display.o
    0x0800128e   0x0000000a   Code   RO         2094    i.EXTI0_IRQHandler  stm32l4xx_it.o
    0x08001298   0x0000000a   Code   RO         2095    i.EXTI1_IRQHandler  stm32l4xx_it.o
    0x080012a2   0x0000000a   Code   RO         2096    i.EXTI2_IRQHandler  stm32l4xx_it.o
    0x080012ac   0x0000000a   Code   RO         2097    i.EXTI3_IRQHandler  stm32l4xx_it.o
    0x080012b6   0x00000002   PAD
    0x080012b8   0x00000144   Code   RO         2659    i.GPIO_EnableClock  gpio.o
    0x080013fc   0x00000058   Code   RO         5864    i.HAL_DMA_Abort_IT  stm32l4xx_hal_dma.o
    0x08001454   0x000000b0   Code   RO         5865    i.HAL_DMA_DeInit    stm32l4xx_hal_dma.o
    0x08001504   0x000000e6   Code   RO         5868    i.HAL_DMA_IRQHandler  stm32l4xx_hal_dma.o
    0x080015ea   0x00000002   PAD
    0x080015ec   0x00000104   Code   RO         5869    i.HAL_DMA_Init      stm32l4xx_hal_dma.o
    0x080016f0   0x0000009c   Code   RO         5873    i.HAL_DMA_Start_IT  stm32l4xx_hal_dma.o
    0x0800178c   0x00000148   Code   RO         6250    i.HAL_GPIO_DeInit   stm32l4xx_hal_gpio.o
    0x080018d4   0x0000003c   Code   RO         1919    i.HAL_GPIO_EXTI_Callback  los_bsp_key.o
    0x08001910   0x0000001c   Code   RO         6252    i.HAL_GPIO_EXTI_IRQHandler  stm32l4xx_hal_gpio.o
    0x0800192c   0x00000208   Code   RO         6253    i.HAL_GPIO_Init     stm32l4xx_hal_gpio.o
    0x08001b34   0x00000010   Code   RO         6255    i.HAL_GPIO_ReadPin  stm32l4xx_hal_gpio.o
    0x08001b44   0x0000000a   Code   RO         6257    i.HAL_GPIO_WritePin  stm32l4xx_hal_gpio.o
    0x08001b4e   0x00000002   PAD
    0x08001b50   0x0000000c   Code   RO         4962    i.HAL_GetTick       stm32l4xx_hal.o
    0x08001b5c   0x0000006a   Code   RO         6744    i.HAL_I2CEx_ConfigAnalogFilter  stm32l4xx_hal_i2c_ex.o
    0x08001bc6   0x0000006a   Code   RO         6745    i.HAL_I2CEx_ConfigDigitalFilter  stm32l4xx_hal_i2c_ex.o
    0x08001c30   0x000000c4   Code   RO         6327    i.HAL_I2C_Init      stm32l4xx_hal_i2c.o
    0x08001cf4   0x0000017c   Code   RO         6333    i.HAL_I2C_Master_Receive  stm32l4xx_hal_i2c.o
    0x08001e70   0x00000174   Code   RO         6338    i.HAL_I2C_Master_Transmit  stm32l4xx_hal_i2c.o
    0x08001fe4   0x0000004c   Code   RO         2892    i.HAL_I2C_MspInit   i2c.o
    0x08002030   0x00000010   Code   RO         4966    i.HAL_IncTick       stm32l4xx_hal.o
    0x08002040   0x00000016   Code   RO         4967    i.HAL_Init          stm32l4xx_hal.o
    0x08002056   0x00000002   PAD
    0x08002058   0x00000028   Code   RO         4968    i.HAL_InitTick      stm32l4xx_hal.o
    0x08002080   0x00000002   Code   RO         4970    i.HAL_MspInit       stm32l4xx_hal.o
    0x08002082   0x00000082   Code   RO         5671    i.HAL_NVIC_SetPriority  stm32l4xx_hal_cortex.o
    0x08002104   0x00000028   Code   RO         5672    i.HAL_NVIC_SetPriorityGrouping  stm32l4xx_hal_cortex.o
    0x0800212c   0x0000008c   Code   RO         7225    i.HAL_PWREx_ControlVoltageScaling  stm32l4xx_hal_pwr_ex.o
    0x080021b8   0x00000010   Code   RO         7256    i.HAL_PWREx_GetVoltageRange  stm32l4xx_hal_pwr_ex.o
    0x080021c8   0x00000014   Code   RO         7117    i.HAL_PWR_EnableBkUpAccess  stm32l4xx_hal_pwr.o
    0x080021dc   0x000004d4   Code   RO         7586    i.HAL_RCCEx_PeriphCLKConfig  stm32l4xx_hal_rcc_ex.o
    0x080026b0   0x000001dc   Code   RO         7471    i.HAL_RCC_ClockConfig  stm32l4xx_hal_rcc.o
    0x0800288c   0x0000000c   Code   RO         7475    i.HAL_RCC_GetHCLKFreq  stm32l4xx_hal_rcc.o
    0x08002898   0x00000020   Code   RO         7477    i.HAL_RCC_GetPCLK1Freq  stm32l4xx_hal_rcc.o
    0x080028b8   0x00000020   Code   RO         7478    i.HAL_RCC_GetPCLK2Freq  stm32l4xx_hal_rcc.o
    0x080028d8   0x0000010c   Code   RO         7479    i.HAL_RCC_GetSysClockFreq  stm32l4xx_hal_rcc.o
    0x080029e4   0x00000624   Code   RO         7482    i.HAL_RCC_OscConfig  stm32l4xx_hal_rcc.o
    0x08003008   0x000000c0   Code   RO         7754    i.HAL_SPI_Init      stm32l4xx_hal_spi.o
    0x080030c8   0x00000058   Code   RO         2798    i.HAL_SPI_MspInit   spi.o
    0x08003120   0x000001b8   Code   RO         7762    i.HAL_SPI_Transmit  stm32l4xx_hal_spi.o
    0x080032d8   0x00000034   Code   RO         5676    i.HAL_SYSTICK_Config  stm32l4xx_hal_cortex.o
    0x0800330c   0x00000002   Code   RO         8550    i.HAL_UARTEx_WakeupCallback  stm32l4xx_hal_uart_ex.o
    0x0800330e   0x00000048   Code   RO         8205    i.HAL_UART_DeInit   stm32l4xx_hal_uart.o
    0x08003356   0x00000002   PAD
    0x08003358   0x00000020   Code   RO         2714    i.HAL_UART_ErrorCallback  usart.o
    0x08003378   0x00000198   Code   RO         8209    i.HAL_UART_IRQHandler  stm32l4xx_hal_uart.o
    0x08003510   0x00000078   Code   RO         8210    i.HAL_UART_Init     stm32l4xx_hal_uart.o
    0x08003588   0x00000068   Code   RO         2715    i.HAL_UART_MspDeInit  usart.o
    0x080035f0   0x00000204   Code   RO         2716    i.HAL_UART_MspInit  usart.o
    0x080037f4   0x000000a8   Code   RO         8214    i.HAL_UART_Receive_DMA  stm32l4xx_hal_uart.o
    0x0800389c   0x000000e0   Code   RO         8215    i.HAL_UART_Receive_IT  stm32l4xx_hal_uart.o
    0x0800397c   0x00000020   Code   RO         2717    i.HAL_UART_RxCpltCallback  usart.o
    0x0800399c   0x00000002   Code   RO         8217    i.HAL_UART_RxHalfCpltCallback  stm32l4xx_hal_uart.o
    0x0800399e   0x000000c8   Code   RO         8218    i.HAL_UART_Transmit  stm32l4xx_hal_uart.o
    0x08003a66   0x00000002   PAD
    0x08003a68   0x0000009c   Code   RO         8219    i.HAL_UART_Transmit_DMA  stm32l4xx_hal_uart.o
    0x08003b04   0x0000007c   Code   RO         8220    i.HAL_UART_Transmit_IT  stm32l4xx_hal_uart.o
    0x08003b80   0x00000044   Code   RO         2718    i.HAL_UART_TxCpltCallback  usart.o
    0x08003bc4   0x00000002   Code   RO         8222    i.HAL_UART_TxHalfCpltCallback  stm32l4xx_hal_uart.o
    0x08003bc6   0x00000028   Code   RO         6369    i.I2C_Flush_TXDR    stm32l4xx_hal_i2c.o
    0x08003bee   0x00000002   PAD
    0x08003bf0   0x0000008c   Code   RO         6377    i.I2C_IsAcknowledgeFailed  stm32l4xx_hal_i2c.o
    0x08003c7c   0x00000034   Code   RO         6384    i.I2C_TransferConfig  stm32l4xx_hal_i2c.o
    0x08003cb0   0x00000056   Code   RO         6385    i.I2C_WaitOnFlagUntilTimeout  stm32l4xx_hal_i2c.o
    0x08003d06   0x00000002   PAD
    0x08003d08   0x000000a0   Code   RO         6386    i.I2C_WaitOnRXNEFlagUntilTimeout  stm32l4xx_hal_i2c.o
    0x08003da8   0x00000056   Code   RO         6387    i.I2C_WaitOnSTOPFlagUntilTimeout  stm32l4xx_hal_i2c.o
    0x08003dfe   0x0000005a   Code   RO         6388    i.I2C_WaitOnTXISFlagUntilTimeout  stm32l4xx_hal_i2c.o
    0x08003e58   0x0000008c   Code   RO         1920    i.KeyTskfunc        los_bsp_key.o
    0x08003ee4   0x00000048   Code   RO         1921    i.Key_TaskInit      los_bsp_key.o
    0x08003f2c   0x0000003c   Code   RO         3244    i.LCDTFT_bufferClear  tft128.o
    0x08003f68   0x00000072   Code   RO         3248    i.LCDTFT_bufferClearPart  tft128.o
    0x08003fda   0x00000002   PAD
    0x08003fdc   0x00000052   Code   RO         3251    i.LCDTFT_bufferPrintString  tft128.o
    0x0800402e   0x00000002   PAD
    0x08004030   0x00000080   Code   RO         3256    i.LCDTFT_bufferStartCover  tft128.o
    0x080040b0   0x00000012   Code   RO         3258    i.LCDTFT_close      tft128.o
    0x080040c2   0x00000002   PAD
    0x080040c4   0x00000078   Code   RO         3259    i.LCDTFT_open       tft128.o
    0x0800413c   0x00000074   Code   RO         4750    i.LCD_Print         los_nbth_report_entry.o
    0x080041b0   0x0000007e   Code   RO         3261    i.LCD_Update        tft128.o
    0x0800422e   0x00000012   Code   RO         3263    i.LCD_delayMs       tft128.o
    0x08004240   0x00000166   Code   RO         3267    i.LCD_doBufferPrintString  tft128.o
    0x080043a6   0x000000de   Code   RO         3271    i.LCD_fullRegion    tft128.o
    0x08004484   0x00000012   Code   RO         3209    i.LCD_getStringLength  lcddogm1286_util.o
    0x08004496   0x00000030   Code   RO         3273    i.LCD_initHw        tft128.o
    0x080044c6   0x0000004c   Code   RO         3274    i.LCD_initSet       tft128.o
    0x08004512   0x0000002c   Code   RO         3275    i.LCD_sendArray     tft128.o
    0x0800453e   0x00000040   Code   RO         3276    i.LCD_sendCommand   tft128.o
    0x0800457e   0x00000040   Code   RO         3277    i.LCD_sendData      tft128.o
    0x080045be   0x00000096   Code   RO         3278    i.LCD_setRegion     tft128.o
    0x08004654   0x0000001c   Code   RO         1088    i.LOS_Align         los_misc.o
    0x08004670   0x0000001e   Code   RO         1056    i.LOS_DLnkInitMultiHead  los_multipledlinkhead.o
    0x0800468e   0x0000002a   Code   RO         1057    i.LOS_DLnkMultiHead  los_multipledlinkhead.o
    0x080046b8   0x0000000c   Code   RO         1224    i.LOS_EnableTick    los_config.o
    0x080046c4   0x00000058   Code   RO         1922    i.LOS_EvbGetKey     los_bsp_key.o
    0x0800471c   0x00000014   Code   RO         1924    i.LOS_EvbKeyInit    los_bsp_key.o
    0x08004730   0x00000054   Code   RO         2277    i.LOS_EvbLcdInit    los_bsp_lcd.o
    0x08004784   0x00000024   Code   RO         1986    i.LOS_EvbLedControl  los_bsp_led.o
    0x080047a8   0x00000010   Code   RO         1987    i.LOS_EvbLedInit    los_bsp_led.o
    0x080047b8   0x00000010   Code   RO         2420    i.LOS_EvbNBPwrInit  los_bsp_nben.o
    0x080047c8   0x00000024   Code   RO         2421    i.LOS_EvbNBPwrOnOff  los_bsp_nben.o
    0x080047ec   0x00000010   Code   RO         2311    i.LOS_EvbNBUartClose  los_bsp_nbuart.o
    0x080047fc   0x00000034   Code   RO         2312    i.LOS_EvbNBUartDMAInit  los_bsp_nbuart.o
    0x08004830   0x00000040   Code   RO         2313    i.LOS_EvbNBUartInit  los_bsp_nbuart.o
    0x08004870   0x00000050   Code   RO         2314    i.LOS_EvbNBUartPoll  los_bsp_nbuart.o
    0x080048c0   0x00000024   Code   RO         2315    i.LOS_EvbNBUartWrite  los_bsp_nbuart.o
    0x080048e4   0x00000048   Code   RO         2453    i.LOS_EvbSHT2x_Init  los_bsp_sht2x.o
    0x0800492c   0x0000001c   Code   RO         1760    i.LOS_EvbSetup      los_bsp_adapter.o
    0x08004948   0x0000000c   Code   RO         2376    i.LOS_EvbTimer_Init  los_bsp_timer.o
    0x08004954   0x00000074   Code   RO         2377    i.LOS_EvbTimer_Start  los_bsp_timer.o
    0x080049c8   0x00000018   Code   RO         2378    i.LOS_EvbTimer_Stop  los_bsp_timer.o
    0x080049e0   0x00000040   Code   RO         2031    i.LOS_EvbUartInit   los_bsp_uart.o
    0x08004a20   0x00000024   Code   RO         2034    i.LOS_EvbUartWriteStr  los_bsp_uart.o
    0x08004a44   0x0000001c   Code   RO          574    i.LOS_EventInit     los_event.o
    0x08004a60   0x00000050   Code   RO          575    i.LOS_EventPoll     los_event.o
    0x08004ab0   0x00000162   Code   RO          576    i.LOS_EventRead     los_event.o
    0x08004c12   0x00000002   PAD
    0x08004c14   0x000000f8   Code   RO          577    i.LOS_EventWrite    los_event.o
    0x08004d0c   0x00000080   Code   RO         1163    i.LOS_HwiCreate     los_hwi.o
    0x08004d8c   0x0000003c   Code   RO         1164    i.LOS_HwiDelete     los_hwi.o
    0x08004dc8   0x00000012   Code   RO         1225    i.LOS_KernelInit    los_config.o
    0x08004dda   0x00000002   PAD
    0x08004ddc   0x000000a8   Code   RO         4751    i.LOS_LED_Tskfunc   los_nbth_report_entry.o
    0x08004e84   0x0000000e   Code   RO          320    i.LOS_ListAdd       los_task.o
    0x08004e92   0x0000000e   Code   RO          620    i.LOS_ListAdd       los_mux.o
    0x08004ea0   0x0000000e   Code   RO          694    i.LOS_ListAdd       los_queue.o
    0x08004eae   0x0000000e   Code   RO          799    i.LOS_ListAdd       los_sem.o
    0x08004ebc   0x0000000e   Code   RO          902    i.LOS_ListAdd       los_memory.o
    0x08004eca   0x00000014   Code   RO          321    i.LOS_ListDelete    los_task.o
    0x08004ede   0x00000014   Code   RO          621    i.LOS_ListDelete    los_mux.o
    0x08004ef2   0x00000014   Code   RO          800    i.LOS_ListDelete    los_sem.o
    0x08004f06   0x00000014   Code   RO          903    i.LOS_ListDelete    los_memory.o
    0x08004f1a   0x00000010   Code   RO          322    i.LOS_ListEmpty     los_task.o
    0x08004f2a   0x00000010   Code   RO          622    i.LOS_ListEmpty     los_mux.o
    0x08004f3a   0x00000010   Code   RO          695    i.LOS_ListEmpty     los_queue.o
    0x08004f4a   0x00000010   Code   RO          801    i.LOS_ListEmpty     los_sem.o
    0x08004f5a   0x00000006   Code   RO          323    i.LOS_ListInit      los_task.o
    0x08004f60   0x00000006   Code   RO          623    i.LOS_ListInit      los_mux.o
    0x08004f66   0x00000006   Code   RO          696    i.LOS_ListInit      los_queue.o
    0x08004f6c   0x00000006   Code   RO          802    i.LOS_ListInit      los_sem.o
    0x08004f72   0x00000010   Code   RO          324    i.LOS_ListTailInsert  los_task.o
    0x08004f82   0x00000010   Code   RO          624    i.LOS_ListTailInsert  los_mux.o
    0x08004f92   0x00000010   Code   RO          803    i.LOS_ListTailInsert  los_sem.o
    0x08004fa2   0x00000002   PAD
    0x08004fa4   0x00000144   Code   RO         1058    i.LOS_Log2          los_multipledlinkhead.o
    0x080050e8   0x00000028   Code   RO          249    i.LOS_MS2Tick       los_sys.o
    0x08005110   0x0000003a   Code   RO          904    i.LOS_MemAlloc      los_memory.o
    0x0800514a   0x00000072   Code   RO          905    i.LOS_MemAllocAlign  los_memory.o
    0x080051bc   0x00000054   Code   RO          906    i.LOS_MemFree       los_memory.o
    0x08005210   0x000000a6   Code   RO          907    i.LOS_MemInit       los_memory.o
    0x080052b6   0x00000002   PAD
    0x080052b8   0x00000040   Code   RO          869    i.LOS_MemboxAlloc   los_membox.o
    0x080052f8   0x000000a4   Code   RO          871    i.LOS_MemboxFree    los_membox.o
    0x0800539c   0x00000080   Code   RO          872    i.LOS_MemboxInit    los_membox.o
    0x0800541c   0x00000064   Code   RO          625    i.LOS_MuxCreate     los_mux.o
    0x08005480   0x00000068   Code   RO          626    i.LOS_MuxDelete     los_mux.o
    0x080054e8   0x00000148   Code   RO          627    i.LOS_MuxPend       los_mux.o
    0x08005630   0x00000100   Code   RO          628    i.LOS_MuxPost       los_mux.o
    0x08005730   0x00000134   Code   RO         4752    i.LOS_NBTHREPORT_Entry  los_nbth_report_entry.o
    0x08005864   0x000003b8   Code   RO         4753    i.LOS_NbIot_Tskfunc  los_nbth_report_entry.o
    0x08005c1c   0x00000018   Code   RO            1    i.LOS_PriqueueDequeue  los_priqueue.o
    0x08005c34   0x00000024   Code   RO            2    i.LOS_PriqueueEnqueue  los_priqueue.o
    0x08005c58   0x00000028   Code   RO            3    i.LOS_PriqueueSize  los_priqueue.o
    0x08005c80   0x0000003c   Code   RO            4    i.LOS_PriqueueTop   los_priqueue.o
    0x08005cbc   0x00000082   Code   RO          697    i.LOS_QueueCreate   los_queue.o
    0x08005d3e   0x00000002   PAD
    0x08005d40   0x00000136   Code   RO          699    i.LOS_QueueRead     los_queue.o
    0x08005e76   0x00000002   PAD
    0x08005e78   0x00000142   Code   RO          700    i.LOS_QueueWrite    los_queue.o
    0x08005fba   0x00000002   PAD
    0x08005fbc   0x00000040   Code   RO         1106    i.LOS_Schedule      los_hw.o
    0x08005ffc   0x0000006c   Code   RO          804    i.LOS_SemCreate     los_sem.o
    0x08006068   0x00000100   Code   RO          806    i.LOS_SemPend       los_sem.o
    0x08006168   0x000000b8   Code   RO          807    i.LOS_SemPost       los_sem.o
    0x08006220   0x0000000c   Code   RO         1137    i.LOS_SetTickSycle  los_hw_tick.o
    0x0800622c   0x0000000c   Code   RO         1226    i.LOS_Start         los_config.o
    0x08006238   0x0000008c   Code   RO          111    i.LOS_SwtmrCreate   los_swtmr.o
    0x080062c4   0x00000084   Code   RO          112    i.LOS_SwtmrDelete   los_swtmr.o
    0x08006348   0x00000084   Code   RO          113    i.LOS_SwtmrStart    los_swtmr.o
    0x080063cc   0x00000080   Code   RO          114    i.LOS_SwtmrStop     los_swtmr.o
    0x0800644c   0x000000dc   Code   RO         4754    i.LOS_TH_Tskfunc    los_nbth_report_entry.o
    0x08006528   0x0000009c   Code   RO          325    i.LOS_TaskCreate    los_task.o
    0x080065c4   0x0000018a   Code   RO          326    i.LOS_TaskCreateOnly  los_task.o
    0x0800674e   0x00000002   PAD
    0x08006750   0x00000080   Code   RO          327    i.LOS_TaskDelay     los_task.o
    0x080067d0   0x00000020   Code   RO          329    i.LOS_TaskLock      los_task.o
    0x080067f0   0x0000003c   Code   RO          334    i.LOS_TaskUnlock    los_task.o
    0x0800682c   0x00000084   Code   RO          335    i.LOS_TaskYield     los_task.o
    0x080068b0   0x0000000c   Code   RO          252    i.LOS_TickCountGet  los_sys.o
    0x080068bc   0x00000038   Code   RO         1138    i.LOS_TickHandler   los_hw_tick.o
    0x080068f4   0x00000010   Code   RO         2100    i.LPUART1_IRQHandler  stm32l4xx_it.o
    0x08006904   0x0000001c   Code   RO         1762    i.LosAdapIntInit    los_bsp_adapter.o
    0x08006920   0x0000001a   Code   RO         1763    i.LosAdapIrqDisable  los_bsp_adapter.o
    0x0800693a   0x0000002e   Code   RO         1764    i.LosAdapIrqEnable  los_bsp_adapter.o
    0x08006968   0x00000020   Code   RO         3666    i.NBModule_CloseUDP  nb_board.o
    0x08006988   0x00000028   Code   RO         3670    i.NBModule_CoAPServer  nb_board.o
    0x080069b0   0x00000020   Code   RO         3671    i.NBModule_CreateUDP  nb_board.o
    0x080069d0   0x00000020   Code   RO         3673    i.NBModule_Info     nb_board.o
    0x080069f0   0x00000020   Code   RO         3674    i.NBModule_Init     nb_board.o
    0x08006a10   0x0000001e   Code   RO         3675    i.NBModule_Main     nb_board.o
    0x08006a2e   0x00000028   Code   RO         3676    i.NBModule_SendData  nb_board.o
    0x08006a56   0x00000020   Code   RO         3677    i.NBModule_Sign     nb_board.o
    0x08006a76   0x00000002   PAD
    0x08006a78   0x00000020   Code   RO         3679    i.NBModule_open     nb_board.o
    0x08006a98   0x00000098   Code   RO         3467    i.NB_HexStrToNum    nb_bc95.o
    0x08006b30   0x00000394   Code   RO         4755    i.NB_MsgreportCb    los_nbth_report_entry.o
    0x08006ec4   0x0000003c   Code   RO         3468    i.NB_SendCmd        nb_bc95.o
    0x08006f00   0x00000012   Code   RO         3469    i.NB_Strtoul        nb_bc95.o
    0x08006f12   0x00000002   PAD
    0x08006f14   0x00000010   Code   RO         5678    i.NVIC_GetPriorityGrouping  stm32l4xx_hal_cortex.o
    0x08006f24   0x00000028   Code   RO         5679    i.NVIC_SetPriority  stm32l4xx_hal_cortex.o
    0x08006f4c   0x0000018c   Code   RO         7589    i.RCCEx_PLLSAI1_Config  stm32l4xx_hal_rcc_ex.o
    0x080070d8   0x00000164   Code   RO         7590    i.RCCEx_PLLSAI2_Config  stm32l4xx_hal_rcc_ex.o
    0x0800723c   0x000000a0   Code   RO         7483    i.RCC_SetFlashLatencyFromMSIRange  stm32l4xx_hal_rcc.o
    0x080072dc   0x000000dc   Code   RO         2454    i.SHT20_Convert     los_bsp_sht2x.o
    0x080073b8   0x00000054   Code   RO         2455    i.SHT20_ReadRH      los_bsp_sht2x.o
    0x0800740c   0x00000054   Code   RO         2456    i.SHT20_ReadTemp    los_bsp_sht2x.o
    0x08007460   0x0000001c   Code   RO         2458    i.SHT2x_Rece        los_bsp_sht2x.o
    0x0800747c   0x0000001c   Code   RO         2459    i.SHT2x_Send        los_bsp_sht2x.o
    0x08007498   0x00000064   Code   RO         7792    i.SPI_EndRxTxTransaction  stm32l4xx_hal_spi.o
    0x080074fc   0x000000b0   Code   RO         7797    i.SPI_WaitFifoStateUntilTimeout  stm32l4xx_hal_spi.o
    0x080075ac   0x000000a8   Code   RO         7798    i.SPI_WaitFlagStateUntilTimeout  stm32l4xx_hal_spi.o
    0x08007654   0x0000000c   Code   RO         1765    i.SysTick_Handler   los_bsp_adapter.o
    0x08007660   0x000000cc   Code   RO         4844    i.SystemClock_Config  main.o
    0x0800772c   0x00000018   Code   RO         2379    i.Timer_Callback    los_bsp_timer.o
    0x08007744   0x000000f8   Code   RO         8223    i.UART_AdvFeatureConfig  stm32l4xx_hal_uart.o
    0x0800783c   0x00000074   Code   RO         8224    i.UART_CheckIdleState  stm32l4xx_hal_uart.o
    0x080078b0   0x00000018   Code   RO         8225    i.UART_DMAAbortOnError  stm32l4xx_hal_uart.o
    0x080078c8   0x00000056   Code   RO         8226    i.UART_DMAError     stm32l4xx_hal_uart.o
    0x0800791e   0x00000048   Code   RO         8227    i.UART_DMAReceiveCplt  stm32l4xx_hal_uart.o
    0x08007966   0x0000000e   Code   RO         8229    i.UART_DMARxHalfCplt  stm32l4xx_hal_uart.o
    0x08007974   0x00000038   Code   RO         8231    i.UART_DMATransmitCplt  stm32l4xx_hal_uart.o
    0x080079ac   0x0000000e   Code   RO         8233    i.UART_DMATxHalfCplt  stm32l4xx_hal_uart.o
    0x080079ba   0x00000024   Code   RO         8235    i.UART_EndRxTransfer  stm32l4xx_hal_uart.o
    0x080079de   0x00000022   Code   RO         8236    i.UART_EndTransmit_IT  stm32l4xx_hal_uart.o
    0x08007a00   0x00000014   Code   RO         8237    i.UART_EndTxTransfer  stm32l4xx_hal_uart.o
    0x08007a14   0x0000006c   Code   RO         8238    i.UART_RxISR_16BIT  stm32l4xx_hal_uart.o
    0x08007a80   0x00000066   Code   RO         8239    i.UART_RxISR_8BIT   stm32l4xx_hal_uart.o
    0x08007ae6   0x00000002   PAD
    0x08007ae8   0x00000492   Code   RO         8240    i.UART_SetConfig    stm32l4xx_hal_uart.o
    0x08007f7a   0x00000046   Code   RO         8241    i.UART_TxISR_16BIT  stm32l4xx_hal_uart.o
    0x08007fc0   0x00000040   Code   RO         8242    i.UART_TxISR_8BIT   stm32l4xx_hal_uart.o
    0x08008000   0x0000006c   Code   RO         8243    i.UART_WaitOnFlagUntilTimeout  stm32l4xx_hal_uart.o
    0x0800806c   0x00000010   Code   RO         2104    i.USART2_IRQHandler  stm32l4xx_it.o
    0x0800807c   0x00000038   Code   RO         3909    i.UartDma_Avail     _dma_cfg.o
    0x080080b4   0x00000060   Code   RO         3910    i.UartDma_Init      _dma_cfg.o
    0x08008114   0x00000150   Code   RO         3911    i.UartDma_Poll      _dma_cfg.o
    0x08008264   0x00000078   Code   RO         3912    i.UartDma_Read      _dma_cfg.o
    0x080082dc   0x00000050   Code   RO         3913    i.UartDma_TxCpltCB  _dma_cfg.o
    0x0800832c   0x000000c8   Code   RO         3914    i.UartDma_Write     _dma_cfg.o
    0x080083f4   0x0000001c   Code   RO         3979    i.UartIsr_RxCplt    hal_uart_isr.o
    0x08008410   0x00000044   Code   RO         3980    i.UartIsr_TxCplt    hal_uart_isr.o
    0x08008454   0x00000004   Code   RO         4845    i._Error_Handler    main.o
    0x08008458   0x00000020   Code   RO         8883    i.__0printf         mc_w.l(printfa.o)
    0x08008478   0x00000028   Code   RO         8884    i.__0snprintf       mc_w.l(printfa.o)
    0x080084a0   0x00000028   Code   RO         8885    i.__0sprintf        mc_w.l(printfa.o)
    0x080084c8   0x00000024   Code   RO         8888    i.__0vsnprintf      mc_w.l(printfa.o)
    0x080084ec   0x00000008   Code   RO         9012    i.__aeabi_errno_addr  mc_w.l(errno.o)
    0x080084f4   0x0000000e   Code   RO         9047    i.__scatterload_copy  mc_w.l(handlers.o)
    0x08008502   0x00000002   Code   RO         9048    i.__scatterload_null  mc_w.l(handlers.o)
    0x08008504   0x0000000e   Code   RO         9049    i.__scatterload_zeroinit  mc_w.l(handlers.o)
    0x08008512   0x00000002   PAD
    0x08008514   0x0000016a   Code   RO         8890    i._fp_digits        mc_w.l(printfa.o)
    0x0800867e   0x00000002   PAD
    0x08008680   0x000006e2   Code   RO         8891    i._printf_core      mc_w.l(printfa.o)
    0x08008d62   0x00000024   Code   RO         8892    i._printf_post_padding  mc_w.l(printfa.o)
    0x08008d86   0x0000002e   Code   RO         8893    i._printf_pre_padding  mc_w.l(printfa.o)
    0x08008db4   0x00000016   Code   RO         8894    i._snputc           mc_w.l(printfa.o)
    0x08008dca   0x0000000a   Code   RO         8895    i._sputc            mc_w.l(printfa.o)
    0x08008dd4   0x00000078   Code   RO         3470    i.addr_adjust       nb_bc95.o
    0x08008e4c   0x00000114   Code   RO         3471    i.bc95_AsyncNotification  nb_bc95.o
    0x08008f60   0x00000060   Code   RO         3472    i.bc95_closeUDP     nb_bc95.o
    0x08008fc0   0x00000040   Code   RO         3473    i.bc95_coapReadMsg  nb_bc95.o
    0x08009000   0x00000006   Code   RO         3474    i.bc95_coapReceIndication  nb_bc95.o
    0x08009006   0x00000002   PAD
    0x08009008   0x000000ae   Code   RO         3475    i.bc95_coapSendMsg  nb_bc95.o
    0x080090b6   0x00000006   Code   RO         3476    i.bc95_coapSentIndication  nb_bc95.o
    0x080090bc   0x00000084   Code   RO         3477    i.bc95_coapServer   nb_bc95.o
    0x08009140   0x00000060   Code   RO         3478    i.bc95_createUDP    nb_bc95.o
    0x080091a0   0x0000000c   Code   RO         3479    i.bc95_getIMSI      nb_bc95.o
    0x080091ac   0x00000048   Code   RO         3480    i.bc95_getSignal    nb_bc95.o
    0x080091f4   0x00000044   Code   RO         3481    i.bc95_init         nb_bc95.o
    0x08009238   0x00000168   Code   RO         3482    i.bc95_main         nb_bc95.o
    0x080093a0   0x00000048   Code   RO         3483    i.bc95_moduleInfo   nb_bc95.o
    0x080093e8   0x00000038   Code   RO         3484    i.bc95_open         nb_bc95.o
    0x08009420   0x00000064   Code   RO         3485    i.bc95_receCb       nb_bc95.o
    0x08009484   0x0000007c   Code   RO         3486    i.bc95_receUDP      nb_bc95.o
    0x08009500   0x0000000c   Code   RO         3487    i.bc95_register     nb_bc95.o
    0x0800950c   0x0000007c   Code   RO         3488    i.bc95_result_handle  nb_bc95.o
    0x08009588   0x000000fa   Code   RO         3489    i.bc95_sendUDP      nb_bc95.o
    0x08009682   0x0000000a   Code   RO         3490    i.bc95_timeoutCb    nb_bc95.o
    0x0800968c   0x000000ac   Code   RO         3491    i.cmd_generate      nb_bc95.o
    0x08009738   0x00000068   Code   RO         3492    i.cmd_isPass        nb_bc95.o
    0x080097a0   0x000002d8   Code   RO         3493    i.cmd_next          nb_bc95.o
    0x08009a78   0x00000028   Code   RO         3494    i.cmd_param_init    nb_bc95.o
    0x08009aa0   0x00000034   Code   RO         3915    i.findTail          _dma_cfg.o
    0x08009ad4   0x0000001c   Code   RO         2035    i.fputc             los_bsp_uart.o
    0x08009af0   0x00000016   Code   RO         4813    i.getCpuEndian      los_nbreport.o
    0x08009b06   0x00000032   Code   RO         4846    i.main              main.o
    0x08009b38   0x000003e0   Code   RO         3495    i.nbsend_msg_app    nb_bc95.o
    0x08009f18   0x00000010   Code   RO         3496    i.nbset_event       nb_bc95.o
    0x08009f28   0x00000018   Code   RO         3497    i.nbstop_timer      nb_bc95.o
    0x08009f40   0x00000008   Code   RO         1165    i.osGetVectorAddr   los_hwi.o
    0x08009f48   0x00000008   Code   RO         1166    i.osHwiDefaultHandler  los_hwi.o
    0x08009f50   0x00000024   Code   RO         1167    i.osHwiInit         los_hwi.o
    0x08009f74   0x00000004   Code   RO          336    i.osIdleTask        los_task.o
    0x08009f78   0x0000004c   Code   RO          337    i.osIdleTaskCreate  los_task.o
    0x08009fc4   0x0000000c   Code   RO         1168    i.osIntNumGet       los_hwi.o
    0x08009fd0   0x00000050   Code   RO         1169    i.osInterrupt       los_hwi.o
    0x0800a020   0x00000070   Code   RO         1229    i.osMain            los_config.o
    0x0800a090   0x0000005c   Code   RO          909    i.osMemAllocWithCheck  los_memory.o
    0x0800a0ec   0x0000009e   Code   RO          910    i.osMemCheckUsedNode  los_memory.o
    0x0800a18a   0x00000050   Code   RO          911    i.osMemFindSuitableFreeBlock  los_memory.o
    0x0800a1da   0x000000b2   Code   RO          912    i.osMemFreeNode     los_memory.o
    0x0800a28c   0x0000003e   Code   RO          913    i.osMemIsNodeValid  los_memory.o
    0x0800a2ca   0x00000024   Code   RO          914    i.osMemMergeNode    los_memory.o
    0x0800a2ee   0x00000002   PAD
    0x0800a2f0   0x00000020   Code   RO          915    i.osMemSetMagicNumAndTaskid  los_memory.o
    0x0800a310   0x0000005c   Code   RO          916    i.osMemSpitNode     los_memory.o
    0x0800a36c   0x00000024   Code   RO          917    i.osMemSystemInit   los_memory.o
    0x0800a390   0x0000005c   Code   RO          629    i.osMuxInit         los_mux.o
    0x0800a3ec   0x00000048   Code   RO            6    i.osPriqueueInit    los_priqueue.o
    0x0800a434   0x00000070   Code   RO          701    i.osQueueCreate     los_queue.o
    0x0800a4a4   0x00000038   Code   RO          702    i.osQueueInit       los_queue.o
    0x0800a4dc   0x00000084   Code   RO          705    i.osQueuePend       los_queue.o
    0x0800a560   0x0000005a   Code   RO          706    i.osQueueWakeUp     los_queue.o
    0x0800a5ba   0x00000002   PAD
    0x0800a5bc   0x0000001c   Code   RO         1230    i.osRegister        los_config.o
    0x0800a5d8   0x00000008   Code   RO         1107    i.osSchedule        los_hw.o
    0x0800a5e0   0x00000058   Code   RO          808    i.osSemInit         los_sem.o
    0x0800a638   0x000000ac   Code   RO          117    i.osSwTmrInit       los_swtmr.o
    0x0800a6e4   0x00000060   Code   RO          118    i.osSwTmrStart      los_swtmr.o
    0x0800a744   0x00000050   Code   RO          119    i.osSwTmrTask       los_swtmr.o
    0x0800a794   0x00000048   Code   RO          120    i.osSwTmrTaskCreate  los_swtmr.o
    0x0800a7dc   0x0000008c   Code   RO          121    i.osSwTmrTimeoutHandle  los_swtmr.o
    0x0800a868   0x00000014   Code   RO          122    i.osSwtmrDelete     los_swtmr.o
    0x0800a87c   0x00000024   Code   RO          123    i.osSwtmrScan       los_swtmr.o
    0x0800a8a0   0x00000048   Code   RO          124    i.osSwtmrStop       los_swtmr.o
    0x0800a8e8   0x000000c0   Code   RO          338    i.osTaskAdd2TimerList  los_task.o
    0x0800a9a8   0x000000a4   Code   RO          339    i.osTaskEntry       los_task.o
    0x0800aa4c   0x00000008   Code   RO         1108    i.osTaskExit        los_hw.o
    0x0800aa54   0x00000128   Code   RO          340    i.osTaskInit        los_task.o
    0x0800ab7c   0x00000034   Code   RO         1027    i.osTaskMemUsedDec  los_memstat.o
    0x0800abb0   0x0000003c   Code   RO         1028    i.osTaskMemUsedInc  los_memstat.o
    0x0800abec   0x00000038   Code   RO          341    i.osTaskPriModify   los_task.o
    0x0800ac24   0x000000dc   Code   RO          342    i.osTaskScan        los_task.o
    0x0800ad00   0x000000fc   Code   RO          343    i.osTaskSelfDelete  los_task.o
    0x0800adfc   0x00000028   Code   RO          520    i.osTickHandler     los_tick.o
    0x0800ae24   0x0000006c   Code   RO         1766    i.osTickStart       los_bsp_adapter.o
    0x0800ae90   0x00000048   Code   RO          344    i.osTimerListDelete  los_task.o
    0x0800aed8   0x0000004c   Code   RO          548    i.osTimesliceCheck  los_timeslice.o
    0x0800af24   0x00000010   Code   RO          549    i.osTimesliceInit   los_timeslice.o
    0x0800af34   0x00000140   Code   RO         1109    i.osTskStackInit    los_hw.o
    0x0800b074   0x00000014   Code   RO         3498    i.reset_rece_buf    nb_bc95.o
    0x0800b088   0x00000010   Code   RO         3499    i.state_reset       nb_bc95.o
    0x0800b098   0x00000018   Code   RO         2316    i.uart_dma_send     los_bsp_nbuart.o
    0x0800b0b0   0x00000009   Data   RO         1767    .constdata          los_bsp_adapter.o
    0x0800b0b9   0x00000003   PAD
    0x0800b0bc   0x00000088   Data   RO         1926    .constdata          los_bsp_key.o
    0x0800b144   0x00000028   Data   RO         1988    .constdata          los_bsp_led.o
    0x0800b16c   0x00000058   Data   RO         2037    .constdata          los_bsp_uart.o
    0x0800b1c4   0x00000264   Data   RO         2279    .constdata          los_bsp_lcd.o
    0x0800b428   0x00000018   Data   RO         2318    .constdata          los_bsp_nbuart.o
    0x0800b440   0x00000020   Data   RO         2422    .constdata          los_bsp_nben.o
    0x0800b460   0x00000048   Data   RO         2461    .constdata          los_bsp_sht2x.o
    0x0800b4a8   0x00000078   Data   RO         2604    .constdata          los_bsp_gps.o
    0x0800b520   0x00000001   Data   RO         3053    .constdata          display.o
    0x0800b521   0x00000003   PAD
    0x0800b524   0x0000003c   Data   RO         3105    .constdata          display_cfg.o
    0x0800b560   0x0000001c   Data   RO         3142    .constdata          displaytft128.o
    0x0800b57c   0x000085f0   Data   RO         3279    .constdata          tft128.o
    0x08013b6c   0x00000056   Data   RO         3501    .constdata          nb_bc95.o
    0x08013bc2   0x00000002   PAD
    0x08013bc4   0x0000002c   Data   RO         3760    .constdata          nb_board_cfg.o
    0x08013bf0   0x00000008   Data   RO         4757    .constdata          los_nbth_report_entry.o
    0x08013bf8   0x00000048   Data   RO         4882    .constdata          system_stm32l4xx.o
    0x08013c40   0x00000081   Data   RO         8983    .constdata          mc_w.l(ctype_o.o)
    0x08013cc1   0x00000003   PAD
    0x08013cc4   0x00000004   Data   RO         8984    .constdata          mc_w.l(ctype_o.o)
    0x08013cc8   0x000001fd   Data   RO         3502    .conststring        nb_bc95.o
    0x08013ec5   0x00000003   PAD
    0x08013ec8   0x00000030   Data   RO         9045    Region$$Table       anon$$obj.o


    Execution Region VECTOR (Base: 0x20000000, Size: 0x00000400, Max: 0x00000400, ABSOLUTE, COMPRESSED[0x00000020])

    Base Addr    Size         Type   Attr      Idx    E Section Name        Object

    0x20000000   0x00000400   Data   RW         1172    .vector.bss         los_hwi.o


    Execution Region RW_IRAM1 (Base: 0x20000400, Size: 0x0000a048, Max: 0x00017c00, ABSOLUTE, COMPRESSED[0x000000d8])

    Base Addr    Size         Type   Attr      Idx    E Section Name        Object

    0x20000400   0x00000004   Data   RW            7    .data               los_priqueue.o
    0x20000404   0x00000010   Data   RW          126    .data               los_swtmr.o
    0x20000414   0x00000044   Data   RW          345    .data               los_task.o
    0x20000458   0x00000010   Data   RW          521    .data               los_tick.o
    0x20000468   0x00000008   Data   RW          550    .data               los_timeslice.o
    0x20000470   0x0000000c   Data   RW          630    .data               los_mux.o
    0x2000047c   0x00000004   Data   RW          707    .data               los_queue.o
    0x20000480   0x0000000c   Data   RW          809    .data               los_sem.o
    0x2000048c   0x00000004   Data   RW         1139    .data               los_hw_tick.o
    0x20000490   0x00000004   Data   RW         1171    .data               los_hwi.o
    0x20000494   0x00000008   Data   RW         1231    .data               los_config.o
    0x2000049c   0x00000004   Data   RW         1768    .data               los_bsp_adapter.o
    0x200004a0   0x00000008   Data   RW         1927    .data               los_bsp_key.o
    0x200004a8   0x00000044   Data   RW         2319    .data               los_bsp_nbuart.o
    0x200004ec   0x00000006   Data   RW         2380    .data               los_bsp_timer.o
    0x200004f2   0x00000002   PAD
    0x200004f4   0x00000008   Data   RW         2462    .data               los_bsp_sht2x.o
    0x200004fc   0x00000020   Data   RW         2850    .data               dma.o
    0x2000051c   0x00000004   Data   RW         3106    .data               display_cfg.o
    0x20000520   0x000000d0   Data   RW         3503    .data               nb_bc95.o
    0x200005f0   0x00000014   Data   RW         3761    .data               nb_board_cfg.o
    0x20000604   0x00000008   Data   RW         3917    .data               _dma_cfg.o
    0x2000060c   0x00000015   Data   RW         4758    .data               los_nbth_report_entry.o
    0x20000621   0x00000003   PAD
    0x20000624   0x00000010   Data   RW         4814    .data               los_nbreport.o
    0x20000634   0x00000004   Data   RW         4883    .data               system_stm32l4xx.o
    0x20000638   0x00000004   Data   RW         4983    .data               stm32l4xx_hal.o
    0x2000063c   0x00000004   Data   RW         8643    .data               mc_w.l(strtok.o)
    0x20000640   0x00000004   Data   RW         8973    .data               mc_w.l(stdout.o)
    0x20000644   0x00000004   Data   RW         9015    .data               mc_w.l(errno.o)
    0x20000648   0x000000d0   Zero   RW          125    .bss                los_swtmr.o
    0x20000718   0x00008000   Zero   RW          918    .bss                los_memory.o
    0x20008718   0x00000040   Zero   RW         1029    .bss                los_memstat.o
    0x20008758   0x00000400   Zero   RW         1170    .bss                los_hwi.o
    0x20008b58   0x0000000c   Zero   RW         1925    .bss                los_bsp_key.o
    0x20008b64   0x000000f8   Zero   RW         2036    .bss                los_bsp_uart.o
    0x20008c5c   0x00000080   Zero   RW         2278    .bss                los_bsp_lcd.o
    0x20008cdc   0x00000178   Zero   RW         2317    .bss                los_bsp_nbuart.o
    0x20008e54   0x0000004c   Zero   RW         2460    .bss                los_bsp_sht2x.o
    0x20008ea0   0x00000278   Zero   RW         2603    .bss                los_bsp_gps.o
    0x20009118   0x00000090   Zero   RW         2849    .bss                dma.o
    0x200091a8   0x0000041c   Zero   RW         3104    .bss                display_cfg.o
    0x200095c4   0x00000444   Zero   RW         3500    .bss                nb_bc95.o
    0x20009a08   0x00000318   Zero   RW         3916    .bss                _dma_cfg.o
    0x20009d20   0x00000318   Zero   RW         3982    .bss                hal_uart_isr.o
    0x2000a038   0x0000000c   Zero   RW         4756    .bss                los_nbth_report_entry.o
    0x2000a044   0x00000004   PAD
    0x2000a048   0x00000400   Zero   RW         4836    STACK               los_startup_keil.o


==============================================================================

Image component sizes


      Code (inc. data)   RO Data    RW Data    ZI Data      Debug   Object Name

       940         66          0          8        792       7592   _dma_cfg.o
         0          0          0          0          0       4112   cmsis_liteos.o
       198         10          1          0          0       7022   display.o
         0          0         60          4       1052       4555   display_cfg.o
       372          0         28          0          0      11530   displaytft128.o
       164          8          0         32        144       2955   dma.o
       504         38          0          0          0       4440   gpio.o
        96         20          0          0        792       3883   hal_uart_isr.o
       272         60          0          0          0       4392   i2c.o
        18          0          0          0          0        698   lcddogm1286_util.o
       248         26          9          4          0      45084   los_bsp_adapter.o
         0          0        120          0        632       1146   los_bsp_gps.o
       408         54        136          8         12       5107   los_bsp_key.o
        84         14        612          0        128       4946   los_bsp_lcd.o
       124         18         40          0          0       3234   los_bsp_led.o
        52         12         32          0          0       1482   los_bsp_nben.o
       272         66         24         68        376       4980   los_bsp_nbuart.o
       516         90         72          8         76       5077   los_bsp_sht2x.o
       176         74          0          6          0       4562   los_bsp_timer.o
       128         26         88          0        248       4678   los_bsp_uart.o
       182         18          0          8          0       3876   los_config.o
       258         24          0          0          0        436   los_dispatch_keil.o
       710         26          0          0          0       4569   los_event.o
       400         22          0          0          0       3138   los_hw.o
        68         10          0          4          0       1457   los_hw_tick.o
       332         60          0       1028       1024       8090   los_hwi.o
       356         10          0          0          0       4004   los_membox.o
      1222         14          0          0      32768      16108   los_memory.o
       112         24          0          0         64       2057   los_memstat.o
        28          0          0          0          0        648   los_misc.o
       396          4          0          0          0       5248   los_multipledlinkhead.o
       952         80          0         12          0      10752   los_mux.o
        98          4          0         16          0       2336   los_nbreport.o
      2984       1174          8         21         12       7384   los_nbth_report_entry.o
       232         22          0          4          0      15402   los_priqueue.o
      1188         72          0          4          0      18521   los_queue.o
       708         56          0         12          0       7652   los_sem.o
        92         74          0          0       1024        336   los_startup_keil.o
      1220        128          0         16        208      21868   los_swtmr.o
        52          6          0          0          0       1189   los_sys.o
      2306        186          0         68          0      26381   los_task.o
        40          6          0         16          0        905   los_tick.o
        92         16          0          8          0       1377   los_timeslice.o
       258         26          0          0          0       1885   main.o
      4572        644        595        208       1092      31034   nb_bc95.o
       302          6          0          0          0       6579   nb_board.o
         0          0         44         20          0        950   nb_board_cfg.o
       164         54          0          0          0       2719   spi.o
        92         14          0          4          0       4661   stm32l4xx_hal.o
       278         22          0          0          0      30846   stm32l4xx_hal_cortex.o
       954         16          0          0          0       5643   stm32l4xx_hal_dma.o
       902         72          0          0          0       5132   stm32l4xx_hal_gpio.o
      1602         30          0          0          0      11274   stm32l4xx_hal_i2c.o
       212          0          0          0          0       2243   stm32l4xx_hal_i2c_ex.o
        20          6          0          0          0        635   stm32l4xx_hal_pwr.o
       156         18          0          0          0       1538   stm32l4xx_hal_pwr_ex.o
      2552        100          0          0          0       7804   stm32l4xx_hal_rcc.o
      1988         44          0          0          0       4336   stm32l4xx_hal_rcc_ex.o
      1076          0          0          0          0       5722   stm32l4xx_hal_spi.o
      3818        100          0          0          0      22785   stm32l4xx_hal_uart.o
         2          0          0          0          0       1168   stm32l4xx_hal_uart_ex.o
       104         24          0          0          0     146223   stm32l4xx_it.o
         0          0          0          0          0     801988   stm32l4xx_nbek.o
         0          0         72          4          0       1044   system_stm32l4xx.o
      1692         38      34288          0          0      17804   tft128.o
      1120        296          0          0          0       9054   usart.o

    ----------------------------------------------------------------------
     40514       4128      36288       1596      40448    1418276   Object Totals
         0          0         48          0          0          0   (incl. Generated)
        50          0         11          5          4          0   (incl. Padding)

    ----------------------------------------------------------------------

      Code (inc. data)   RO Data    RW Data    ZI Data      Debug   Library Member Name

        86          0          0          0          0          0   __dczerorl2.o
        28          0          0          0          0         68   _chval.o
       164          0          0          0          0         92   _strtoul.o
         8          4        133          0          0         68   ctype_o.o
         0          0          0          0          0          0   entry.o
         0          0          0          0          0          0   entry10a.o
         0          0          0          0          0          0   entry11a.o
         8          4          0          0          0          0   entry2.o
         4          0          0          0          0          0   entry5.o
         0          0          0          0          0          0   entry7b.o
         0          0          0          0          0          0   entry8b.o
         8          4          0          0          0          0   entry9a.o
         8          4          0          4          0         68   errno.o
        30          0          0          0          0          0   handlers.o
        36          8          0          0          0         68   init.o
         0          0          0          0          0          0   iusefp.o
        30          0          0          0          0         68   llshl.o
        36          0          0          0          0         68   llsshr.o
        32          0          0          0          0         68   llushr.o
        36          0          0          0          0         68   memcpya.o
        36          0          0          0          0        108   memseta.o
      2386        104          0          0          0        828   printfa.o
         0          0          0          4          0          0   stdout.o
        20          0          0          0          0         68   strchr.o
        14          0          0          0          0         68   strlen.o
        36          0          0          0          0         80   strstr.o
        68          6          0          4          0         80   strtok.o
       120          0          0          0          0         92   strtoul.o
        44          0          0          0          0         80   uidiv.o
       104          0          0          0          0         92   uldiv.o
        48          0          0          0          0         68   cdrcmple.o
        56          0          0          0          0         88   d2f.o
       350          0          0          0          0        148   dadd.o
       222          0          0          0          0        100   ddiv.o
       186          0          0          0          0        176   depilogue.o
        50          0          0          0          0         76   dfixui.o
        48          0          0          0          0         68   dfixul.o
        26          0          0          0          0         76   dfltui.o
       234          0          0          0          0         96   dmul.o
        38          0          0          0          0         68   f2d.o
       110          0          0          0          0        168   fepilogue.o

    ----------------------------------------------------------------------
      4718        134        136         12          0       3264   Library Totals
         8          0          3          0          0          0   (incl. Padding)

    ----------------------------------------------------------------------

      Code (inc. data)   RO Data    RW Data    ZI Data      Debug   Library Name

      3342        134        133         12          0       2132   mc_w.l
      1368          0          0          0          0       1132   mf_w.l

    ----------------------------------------------------------------------
      4718        134        136         12          0       3264   Library Totals

    ----------------------------------------------------------------------

==============================================================================


      Code (inc. data)   RO Data    RW Data    ZI Data      Debug   

     45232       4262      36424       1608      40448    1385356   Grand Totals
     45232       4262      36424        248      40448    1385356   ELF Image Totals (compressed)
     45232       4262      36424        248          0          0   ROM Totals

==============================================================================

    Total RO  Size (Code + RO Data)                81656 (  79.74kB)
    Total RW  Size (RW Data + ZI Data)             42056 (  41.07kB)
    Total ROM Size (Code + RO Data + RW Data)      81904 (  79.98kB)

==============================================================================

